[1m[38;2;255;000;000m[error][vk::validation]: Validation Layer: Layer name GalaxyOverlayVkLayer does not conform to naming standard (Policy #LLP_LAYER_3)
[0m[1m[38;2;255;000;000m[error][vk::validation]: Validation Layer: Layer name GalaxyOverlayVkLayer_VERBOSE does not conform to naming standard (Policy #LLP_LAYER_3)
[0m[1m[38;2;255;000;000m[error][vk::validation]: Validation Layer: Layer name GalaxyOverlayVkLayer_DEBUG does not conform to naming standard (Policy #LLP_LAYER_3)
[0m[1m[38;2;255;000;000m[error][vk::validation]: Validation Layer: loader_get_json: Failed to open JSON file C:\Program Files\NVIDIA Corporation\Nsight Systems 2019.5.2\Target-Windows\x86_64\VkLayers\VkLayer_nsight-sys_windows.json
[0m[1m[38;2;255;000;000m[error][vk::validation]: Validation Layer: Layer VK_LAYER_bandicam_helper uses API version 1.1 which is older than the application specified API version of 1.3. May cause issues.
[0m[1m[38;2;255;000;000m[error][vk::validation]: Validation Layer: Layer VK_LAYER_OW_OVERLAY uses API version 1.2 which is older than the application specified API version of 1.3. May cause issues.
[0m[1m[38;2;255;000;000m[error][vk::validation]: Validation Layer: Layer VK_LAYER_OW_OBS_HOOK uses API version 1.2 which is older than the application specified API version of 1.3. May cause issues.
[0m[1m[38;2;255;000;000m[error][vk::validation]: Validation Layer: Layer VK_LAYER_OW_OVERLAY uses API version 1.2 which is older than the application specified API version of 1.3. May cause issues.
[0m[1m[38;2;255;000;000m[error][vk::validation]: Validation Layer: Layer VK_LAYER_OW_OBS_HOOK uses API version 1.2 which is older than the application specified API version of 1.3. May cause issues.
[0m[1m[38;2;255;000;000m[error][vk::validation]: Validation Layer: Validation Error: [ VUID-VkPipelineLayoutCreateInfo-pSetLayouts-06561 ] Object 0: handle = 0x2b2e0fea710, type = VK_OBJECT_TYPE_DEVICE; | MessageID = 0x881190c8 | vkCreatePipelineLayout(): pSetLayouts[5] is VK_NULL_HANDLE, but VK_EXT_graphics_pipeline_library is not enabled. The Vulkan spec states: Elements of pSetLayouts must be valid VkDescriptorSetLayout objects (https://vulkan.lunarg.com/doc/view/1.3.250.0/windows/1.3-extensions/vkspec.html#VUID-VkPipelineLayoutCreateInfo-pSetLayouts-06561)
[0m[1m[38;2;255;000;000m[error][vk::validation]: Validation Layer: Validation Error: [ VUID-VkPipelineLayoutCreateInfo-graphicsPipelineLibrary-06753 ] Object 0: handle = 0x2b2e0fea710, type = VK_OBJECT_TYPE_DEVICE; | MessageID = 0x57ab6143 | vkCreatePipelineLayout(): pSetLayouts[5] is VK_NULL_HANDLE, but graphicsPipelineLibrary is not enabled. The Vulkan spec states: If graphicsPipelineLibrary is not enabled, elements of pSetLayouts must be valid VkDescriptorSetLayout objects (https://vulkan.lunarg.com/doc/view/1.3.250.0/windows/1.3-extensions/vkspec.html#VUID-VkPipelineLayoutCreateInfo-graphicsPipelineLibrary-06753)
[0m[1m[38;2;255;000;000m[error][vk::validation]: Validation Layer: Validation Error: [ VUID-VkPipelineLayoutCreateInfo-pSetLayouts-06561 ] Object 0: handle = 0x2b2e0fea710, type = VK_OBJECT_TYPE_DEVICE; | MessageID = 0x881190c8 | vkCreatePipelineLayout(): pSetLayouts[5] is VK_NULL_HANDLE, but VK_EXT_graphics_pipeline_library is not enabled. The Vulkan spec states: Elements of pSetLayouts must be valid VkDescriptorSetLayout objects (https://vulkan.lunarg.com/doc/view/1.3.250.0/windows/1.3-extensions/vkspec.html#VUID-VkPipelineLayoutCreateInfo-pSetLayouts-06561)
[0m[1m[38;2;255;000;000m[error][vk::validation]: Validation Layer: Validation Error: [ VUID-VkPipelineLayoutCreateInfo-graphicsPipelineLibrary-06753 ] Object 0: handle = 0x2b2e0fea710, type = VK_OBJECT_TYPE_DEVICE; | MessageID = 0x57ab6143 | vkCreatePipelineLayout(): pSetLayouts[5] is VK_NULL_HANDLE, but graphicsPipelineLibrary is not enabled. The Vulkan spec states: If graphicsPipelineLibrary is not enabled, elements of pSetLayouts must be valid VkDescriptorSetLayout objects (https://vulkan.lunarg.com/doc/view/1.3.250.0/windows/1.3-extensions/vkspec.html#VUID-VkPipelineLayoutCreateInfo-graphicsPipelineLibrary-06753)
[0m[1m[38;2;255;255;000m[warn][app::load_bin_mesh_data]: Loading 1 meshes
[0m[1m[38;2;255;255;000m[warn][app::load_bin_mesh_data]: Loading 1 meshes
[0m[1m[38;2;255;255;000m[warn][app::load_bin_mesh_data]: Loading 2 meshes
[0m[1m[38;2;255;255;000m[warn][app::load_bin_mesh_data]: Loading 2 meshes
[0m[1m[38;2;255;255;000m[warn][app::load_bin_mesh_data]: Loading 1 meshes
[0m[1m[38;2;255;255;000m[warn][app::load_bin_mesh_data]: Loading 2 meshes
[0m[1m[38;2;255;255;000m[warn][app::load_bin_mesh_data]: Loading 2 meshes
[0m[1m[38;2;255;255;000m[warn][app::load_bin_mesh_data]: Loading 2 meshes
[0m[1m[38;2;255;255;000m[warn][app::load_bin_mesh_data]: Loading 2 meshes
[0m[1m[38;2;255;255;000m[warn][app::load_bin_mesh_data]: Loading 2 meshes
[0m[1m[38;2;255;255;000m[warn][app::load_bin_mesh_data]: Loading 4 meshes
[0m[1m[38;2;255;255;000m[warn][app::load_bin_mesh_data]: Loading 5 meshes
[0m[1m[38;2;255;255;000m[warn][app::load_bin_mesh_data]: Loading 4 meshes
[0m[1m[38;2;255;255;000m[warn][app::load_bin_mesh_data]: Loading 5 meshes
[0m[1m[38;2;255;255;000m[warn][app::load_bin_mesh_data]: Loading 5 meshes
[0m[1m[38;2;255;255;000m[warn][app::load_bin_mesh_data]: Loading 6 meshes
[0m[1m[38;2;255;255;000m[warn][app::load_bin_mesh_data]: Loading 5 meshes
[0m[1m[38;2;255;255;000m[warn][app::load_bin_mesh_data]: Loading 2 meshes
[0m[1m[38;2;255;255;000m[warn][app::load_bin_mesh_data]: Loading 1 meshes
[0m[1m[38;2;255;255;000m[warn][app::load_bin_mesh_data]: Loading 1 meshes
[0m[1m[38;2;255;255;000m[warn][app::load_bin_mesh_data]: Loading 3 meshes
[0m[1m[38;2;255;255;000m[warn][app::load_bin_mesh_data]: Loading 1 meshes
[0m[1m[38;2;255;255;000m[warn][app::load_bin_mesh_data]: Loading 1 meshes
[0m[1m[38;2;255;255;000m[warn][app::load_bin_mesh_data]: Loading 1 meshes
[0m[1m[38;2;255;255;000m[warn][app::load_bin_mesh_data]: Loading 1 meshes
[0m[1m[38;2;255;255;000m[warn][app::load_bin_mesh_data]: Loading 1 meshes
[0m[1m[38;2;255;255;000m[warn][app::load_bin_mesh_data]: Loading 1 meshes
[0m[1m[38;2;255;255;000m[warn][app::load_bin_mesh_data]: Loading 9 meshes
[0m[1m[38;2;255;255;000m[warn][app::load_bin_mesh_data]: Loading 1 meshes
[0m[1m[38;2;255;255;000m[warn][app::load_bin_mesh_data]: Loading 1 meshes
[0m[1m[38;2;255;255;000m[warn][app::load_bin_mesh_data]: Loading 1 meshes
[0m[1m[38;2;255;255;000m[warn][app::load_bin_mesh_data]: Loading 4 meshes
[0m[1m[38;2;255;255;000m[warn][app::load_bin_mesh_data]: Loading 2 meshes
[0m[1m[38;2;255;255;000m[warn][app::load_bin_mesh_data]: Loading 4 meshes
[0m[1m[38;2;255;255;000m[warn][app::load_bin_mesh_data]: Loading 2 meshes
[0m[1m[38;2;255;255;000m[warn][app::load_bin_mesh_data]: Loading 1 meshes
[0m[1m[38;2;255;255;000m[warn][app::load_bin_mesh_data]: Loading 25 meshes
[0m[1m[38;2;255;255;000m[warn][app::load_bin_mesh_data]: Loading 1 meshes
[0m[1m[38;2;255;255;000m[warn][app::load_bin_mesh_data]: Loading 1 meshes
[0m[1m[38;2;255;000;000m[error][vk::validation]: Validation Layer: Validation Error: [ VUID-VkShaderCreateInfoEXT-pSetLayouts-parameter ] Object 0: handle = 0x2b2e0223f60, type = VK_OBJECT_TYPE_INSTANCE; | MessageID = 0xecd83d2d | Invalid VkDescriptorSetLayout Object 0x0. The Vulkan spec states: If setLayoutCount is not 0, and pSetLayouts is not NULL, pSetLayouts must be a valid pointer to an array of setLayoutCount valid VkDescriptorSetLayout handles (https://vulkan.lunarg.com/doc/view/1.3.250.0/windows/1.3-extensions/vkspec.html#VUID-VkShaderCreateInfoEXT-pSetLayouts-parameter)
[0m[1m[38;2;000;000;255m[profile][gfx::vul::descriptor_layout_cache_t::cleanup]:  14us
[0m[1m[38;2;000;000;255m[profile][gfx::vul::descriptor_allocator_t::cleanup]:  483us
[0m[1m[38;2;000;000;255m[profile][gfx::vul::descriptor_allocator_t::cleanup]:  459us
[0m[1m[38;2;000;000;255m[profile][gfx::vul::descriptor_allocator_t::cleanup]:  100ns
[0m[1m[38;2;000;000;255m[profile][game::rendering::cleanup]:  1ms
[0m[1m[38;2;255;000;000m[error][vk::validation]: Validation Layer: Validation Error: [ VUID-vkDestroySemaphore-semaphore-01137 ] Object 0: handle = 0x2b2e0fea710, type = VK_OBJECT_TYPE_DEVICE; | MessageID = 0xa1569838 | Cannot call vkDestroySemaphore on VkSemaphore 0x4fac1c0000000032[] that is currently in use by a command buffer. The Vulkan spec states: All submitted batches that refer to semaphore must have completed execution (https://vulkan.lunarg.com/doc/view/1.3.250.0/windows/1.3-extensions/vkspec.html#VUID-vkDestroySemaphore-semaphore-01137)
[0m[1m[38;2;255;000;000m[error][vk::validation]: Validation Layer: Validation Error: [ VUID-vkDestroySemaphore-semaphore-01137 ] Object 0: handle = 0x2b2e0fea710, type = VK_OBJECT_TYPE_DEVICE; | MessageID = 0xa1569838 | Cannot call vkDestroySemaphore on VkSemaphore 0xa808d50000000033[] that is currently in use by a command buffer. The Vulkan spec states: All submitted batches that refer to semaphore must have completed execution (https://vulkan.lunarg.com/doc/view/1.3.250.0/windows/1.3-extensions/vkspec.html#VUID-vkDestroySemaphore-semaphore-01137)
[0m[1m[38;2;255;000;000m[error][vk::validation]: Validation Layer: Validation Error: [ VUID-vkDestroySemaphore-semaphore-01137 ] Object 0: handle = 0x2b2e0fea710, type = VK_OBJECT_TYPE_DEVICE; | MessageID = 0xa1569838 | Cannot call vkDestroySemaphore on VkSemaphore 0x2b424a0000000034[] that is currently in use by a command buffer. The Vulkan spec states: All submitted batches that refer to semaphore must have completed execution (https://vulkan.lunarg.com/doc/view/1.3.250.0/windows/1.3-extensions/vkspec.html#VUID-vkDestroySemaphore-semaphore-01137)
[0m[1m[38;2;255;000;000m[error][vk::validation]: Validation Layer: Validation Error: [ VUID-vkDestroySemaphore-semaphore-01137 ] Object 0: handle = 0x2b2e0fea710, type = VK_OBJECT_TYPE_DEVICE; | MessageID = 0xa1569838 | Cannot call vkDestroySemaphore on VkSemaphore 0x4295ab0000000035[] that is currently in use by a command buffer. The Vulkan spec states: All submitted batches that refer to semaphore must have completed execution (https://vulkan.lunarg.com/doc/view/1.3.250.0/windows/1.3-extensions/vkspec.html#VUID-vkDestroySemaphore-semaphore-01137)
[0m[1m[38;2;255;000;000m[error][vk::validation]: Validation Layer: Validation Error: [ VUID-vkDestroyFence-fence-01120 ] Object 0: handle = 0x9638f80000000036, type = VK_OBJECT_TYPE_FENCE; | MessageID = 0x5d296248 | VkFence 0x9638f80000000036[] is in use. The Vulkan spec states: All queue submission commands that refer to fence must have completed execution (https://vulkan.lunarg.com/doc/view/1.3.250.0/windows/1.3-extensions/vkspec.html#VUID-vkDestroyFence-fence-01120)
[0m[1m[38;2;255;000;000m[error][vk::validation]: Validation Layer: Validation Error: [ VUID-vkDestroyFence-fence-01120 ] Object 0: handle = 0x2723ba0000000037, type = VK_OBJECT_TYPE_FENCE; | MessageID = 0x5d296248 | VkFence 0x2723ba0000000037[] is in use. The Vulkan spec states: All queue submission commands that refer to fence must have completed execution (https://vulkan.lunarg.com/doc/view/1.3.250.0/windows/1.3-extensions/vkspec.html#VUID-vkDestroyFence-fence-01120)
[0m[1m[38;2;255;000;000m[error][vk::validation]: Validation Layer: Validation Error: [ VUID-vkDestroyCommandPool-commandPool-00041 ] Object 0: handle = 0x2b2e3c9c530, type = VK_OBJECT_TYPE_COMMAND_BUFFER; | MessageID = 0xad474cda | Attempt to destroy command pool with VkCommandBuffer 0x2b2e3c9c530[] which is in use. The Vulkan spec states: All VkCommandBuffer objects allocated from commandPool must not be in the pending state (https://vulkan.lunarg.com/doc/view/1.3.250.0/windows/1.3-extensions/vkspec.html#VUID-vkDestroyCommandPool-commandPool-00041)
[0m[1m[38;2;255;000;000m[error][vk::validation]: Validation Layer: Validation Error: [ VUID-vkDestroyCommandPool-commandPool-00041 ] Object 0: handle = 0x2b2e3d27630, type = VK_OBJECT_TYPE_COMMAND_BUFFER; | MessageID = 0xad474cda | Attempt to destroy command pool with VkCommandBuffer 0x2b2e3d27630[] which is in use. The Vulkan spec states: All VkCommandBuffer objects allocated from commandPool must not be in the pending state (https://vulkan.lunarg.com/doc/view/1.3.250.0/windows/1.3-extensions/vkspec.html#VUID-vkDestroyCommandPool-commandPool-00041)
[0m[1m[38;2;255;000;000m[error][vk::validation]: Validation Layer: Validation Error: [ VUID-vkDestroyDevice-device-00378 ] Object 0: handle = 0x2b2e0fea710, type = VK_OBJECT_TYPE_DEVICE; Object 1: handle = 0x2b2e3e3c000, type = VK_OBJECT_TYPE_COMMAND_BUFFER; | MessageID = 0x71500fba | OBJ ERROR : For VkDevice 0x2b2e0fea710[], VkCommandBuffer 0x2b2e3e3c000[] has not been destroyed. The Vulkan spec states: All child objects created on device must have been destroyed prior to destroying device (https://vulkan.lunarg.com/doc/view/1.3.250.0/windows/1.3-extensions/vkspec.html#VUID-vkDestroyDevice-device-00378)
[0m[1m[38;2;255;000;000m[error][vk::validation]: Validation Layer: Validation Error: [ VUID-vkDestroyDevice-device-00378 ] Object 0: handle = 0x2b2e0fea710, type = VK_OBJECT_TYPE_DEVICE; Object 1: handle = 0x2b2e3f34d20, type = VK_OBJECT_TYPE_COMMAND_BUFFER; | MessageID = 0x71500fba | OBJ ERROR : For VkDevice 0x2b2e0fea710[], VkCommandBuffer 0x2b2e3f34d20[] has not been destroyed. The Vulkan spec states: All child objects created on device must have been destroyed prior to destroying device (https://vulkan.lunarg.com/doc/view/1.3.250.0/windows/1.3-extensions/vkspec.html#VUID-vkDestroyDevice-device-00378)
[0m[1m[38;2;255;000;000m[error][vk::validation]: Validation Layer: Validation Error: [ VUID-vkDestroyDevice-device-00378 ] Object 0: handle = 0x2b2e0fea710, type = VK_OBJECT_TYPE_DEVICE; Object 1: handle = 0x9f1516000000008c, type = VK_OBJECT_TYPE_BUFFER; | MessageID = 0x71500fba | OBJ ERROR : For VkDevice 0x2b2e0fea710[], VkBuffer 0x9f1516000000008c[] has not been destroyed. The Vulkan spec states: All child objects created on device must have been destroyed prior to destroying device (https://vulkan.lunarg.com/doc/view/1.3.250.0/windows/1.3-extensions/vkspec.html#VUID-vkDestroyDevice-device-00378)
[0m[1m[38;2;255;000;000m[error][vk::validation]: Validation Layer: Validation Error: [ VUID-vkDestroyDevice-device-00378 ] Object 0: handle = 0x2b2e0fea710, type = VK_OBJECT_TYPE_DEVICE; Object 1: handle = 0xee24d0000000059, type = VK_OBJECT_TYPE_BUFFER; | MessageID = 0x71500fba | OBJ ERROR : For VkDevice 0x2b2e0fea710[], VkBuffer 0xee24d0000000059[] has not been destroyed. The Vulkan spec states: All child objects created on device must have been destroyed prior to destroying device (https://vulkan.lunarg.com/doc/view/1.3.250.0/windows/1.3-extensions/vkspec.html#VUID-vkDestroyDevice-device-00378)
[0m[1m[38;2;255;000;000m[error][vk::validation]: Validation Layer: Validation Error: [ VUID-vkDestroyDevice-device-00378 ] Object 0: handle = 0x2b2e0fea710, type = VK_OBJECT_TYPE_DEVICE; Object 1: handle = 0xad937b0000000080, type = VK_OBJECT_TYPE_BUFFER; | MessageID = 0x71500fba | OBJ ERROR : For VkDevice 0x2b2e0fea710[], VkBuffer 0xad937b0000000080[] has not been destroyed. The Vulkan spec states: All child objects created on device must have been destroyed prior to destroying device (https://vulkan.lunarg.com/doc/view/1.3.250.0/windows/1.3-extensions/vkspec.html#VUID-vkDestroyDevice-device-00378)
[0m[1m[38;2;255;000;000m[error][vk::validation]: Validation Layer: Validation Error: [ VUID-vkDestroyDevice-device-00378 ] Object 0: handle = 0x2b2e0fea710, type = VK_OBJECT_TYPE_DEVICE; Object 1: handle = 0xa6b6cd0000000086, type = VK_OBJECT_TYPE_BUFFER; | MessageID = 0x71500fba | OBJ ERROR : For VkDevice 0x2b2e0fea710[], VkBuffer 0xa6b6cd0000000086[] has not been destroyed. The Vulkan spec states: All child objects created on device must have been destroyed prior to destroying device (https://vulkan.lunarg.com/doc/view/1.3.250.0/windows/1.3-extensions/vkspec.html#VUID-vkDestroyDevice-device-00378)
[0m[1m[38;2;255;000;000m[error][vk::validation]: Validation Layer: Validation Error: [ VUID-vkDestroyDevice-device-00378 ] Object 0: handle = 0x2b2e0fea710, type = VK_OBJECT_TYPE_DEVICE; Object 1: handle = 0xc079b30000000088, type = VK_OBJECT_TYPE_BUFFER; | MessageID = 0x71500fba | OBJ ERROR : For VkDevice 0x2b2e0fea710[], VkBuffer 0xc079b30000000088[] has not been destroyed. The Vulkan spec states: All child objects created on device must have been destroyed prior to destroying device (https://vulkan.lunarg.com/doc/view/1.3.250.0/windows/1.3-extensions/vkspec.html#VUID-vkDestroyDevice-device-00378)
[0m[1m[38;2;255;000;000m[error][vk::validation]: Validation Layer: Validation Error: [ VUID-vkDestroyDevice-device-00378 ] Object 0: handle = 0x2b2e0fea710, type = VK_OBJECT_TYPE_DEVICE; Object 1: handle = 0xa7c5450000000023, type = VK_OBJECT_TYPE_BUFFER; | MessageID = 0x71500fba | OBJ ERROR : For VkDevice 0x2b2e0fea710[], VkBuffer 0xa7c5450000000023[] has not been destroyed. The Vulkan spec states: All child objects created on device must have been destroyed prior to destroying device (https://vulkan.lunarg.com/doc/view/1.3.250.0/windows/1.3-extensions/vkspec.html#VUID-vkDestroyDevice-device-00378)
[0m[1m[38;2;255;000;000m[error][vk::validation]: Validation Layer: Validation Error: [ VUID-vkDestroyDevice-device-00378 ] Object 0: handle = 0x2b2e0fea710, type = VK_OBJECT_TYPE_DEVICE; Object 1: handle = 0x6871490000000055, type = VK_OBJECT_TYPE_BUFFER; | MessageID = 0x71500fba | OBJ ERROR : For VkDevice 0x2b2e0fea710[], VkBuffer 0x6871490000000055[] has not been destroyed. The Vulkan spec states: All child objects created on device must have been destroyed prior to destroying device (https://vulkan.lunarg.com/doc/view/1.3.250.0/windows/1.3-extensions/vkspec.html#VUID-vkDestroyDevice-device-00378)
[0m[1m[38;2;255;000;000m[error][vk::validation]: Validation Layer: Validation Error: [ VUID-vkDestroyDevice-device-00378 ] Object 0: handle = 0x2b2e0fea710, type = VK_OBJECT_TYPE_DEVICE; Object 1: handle = 0x6dcc3f000000005b, type = VK_OBJECT_TYPE_BUFFER; | MessageID = 0x71500fba | OBJ ERROR : For VkDevice 0x2b2e0fea710[], VkBuffer 0x6dcc3f000000005b[] has not been destroyed. The Vulkan spec states: All child objects created on device must have been destroyed prior to destroying device (https://vulkan.lunarg.com/doc/view/1.3.250.0/windows/1.3-extensions/vkspec.html#VUID-vkDestroyDevice-device-00378)
[0m[1m[38;2;255;000;000m[error][vk::validation]: Validation Layer: Validation Error: [ VUID-vkDestroyDevice-device-00378 ] Object 0: handle = 0x2b2e0fea710, type = VK_OBJECT_TYPE_DEVICE; Object 1: handle = 0x85695a000000018b, type = VK_OBJECT_TYPE_BUFFER; | MessageID = 0x71500fba | OBJ ERROR : For VkDevice 0x2b2e0fea710[], VkBuffer 0x85695a000000018b[] has not been destroyed. The Vulkan spec states: All child objects created on device must have been destroyed prior to destroying device (https://vulkan.lunarg.com/doc/view/1.3.250.0/windows/1.3-extensions/vkspec.html#VUID-vkDestroyDevice-device-00378)
[0m[1m[38;2;255;000;000m[error][vk::validation]: Validation Layer: Validation Error: [ VUID-vkDestroyDevice-device-00378 ] Object 0: handle = 0x2b2e0fea710, type = VK_OBJECT_TYPE_DEVICE; Object 1: handle = 0x2a7f70000000053, type = VK_OBJECT_TYPE_BUFFER; | MessageID = 0x71500fba | OBJ ERROR : For VkDevice 0x2b2e0fea710[], VkBuffer 0x2a7f70000000053[] has not been destroyed. The Vulkan spec states: All child objects created on device must have been destroyed prior to destroying device (https://vulkan.lunarg.com/doc/view/1.3.250.0/windows/1.3-extensions/vkspec.html#VUID-vkDestroyDevice-device-00378)
[0m[1m[38;2;255;000;000m[error][vk::validation]: Validation Layer: Validation Error: [ VUID-vkDestroyDevice-device-00378 ] Object 0: handle = 0x2b2e0fea710, type = VK_OBJECT_TYPE_DEVICE; Object 1: handle = 0x1983b0000000008a, type = VK_OBJECT_TYPE_BUFFER; | MessageID = 0x71500fba | OBJ ERROR : For VkDevice 0x2b2e0fea710[], VkBuffer 0x1983b0000000008a[] has not been destroyed. The Vulkan spec states: All child objects created on device must have been destroyed prior to destroying device (https://vulkan.lunarg.com/doc/view/1.3.250.0/windows/1.3-extensions/vkspec.html#VUID-vkDestroyDevice-device-00378)
[0m[1m[38;2;255;000;000m[error][vk::validation]: Validation Layer: Validation Error: [ VUID-vkDestroyDevice-device-00378 ] Object 0: handle = 0x2b2e0fea710, type = VK_OBJECT_TYPE_DEVICE; Object 1: handle = 0x73b89b0000000057, type = VK_OBJECT_TYPE_BUFFER; | MessageID = 0x71500fba | OBJ ERROR : For VkDevice 0x2b2e0fea710[], VkBuffer 0x73b89b0000000057[] has not been destroyed. The Vulkan spec states: All child objects created on device must have been destroyed prior to destroying device (https://vulkan.lunarg.com/doc/view/1.3.250.0/windows/1.3-extensions/vkspec.html#VUID-vkDestroyDevice-device-00378)
[0m[1m[38;2;255;000;000m[error][vk::validation]: Validation Layer: Validation Error: [ VUID-vkDestroyDevice-device-00378 ] Object 0: handle = 0x2b2e0fea710, type = VK_OBJECT_TYPE_DEVICE; Object 1: handle = 0xcc25c90000000082, type = VK_OBJECT_TYPE_BUFFER; | MessageID = 0x71500fba | OBJ ERROR : For VkDevice 0x2b2e0fea710[], VkBuffer 0xcc25c90000000082[] has not been destroyed. The Vulkan spec states: All child objects created on device must have been destroyed prior to destroying device (https://vulkan.lunarg.com/doc/view/1.3.250.0/windows/1.3-extensions/vkspec.html#VUID-vkDestroyDevice-device-00378)
[0m[1m[38;2;255;000;000m[error][vk::validation]: Validation Layer: Validation Error: [ VUID-vkDestroyDevice-device-00378 ] Object 0: handle = 0x2b2e0fea710, type = VK_OBJECT_TYPE_DEVICE; Object 1: handle = 0x13cc1f0000000084, type = VK_OBJECT_TYPE_BUFFER; | MessageID = 0x71500fba | OBJ ERROR : For VkDevice 0x2b2e0fea710[], VkBuffer 0x13cc1f0000000084[] has not been destroyed. The Vulkan spec states: All child objects created on device must have been destroyed prior to destroying device (https://vulkan.lunarg.com/doc/view/1.3.250.0/windows/1.3-extensions/vkspec.html#VUID-vkDestroyDevice-device-00378)
[0m[1m[38;2;255;000;000m[error][vk::validation]: Validation Layer: Validation Error: [ VUID-vkDestroyDevice-device-00378 ] Object 0: handle = 0x2b2e0fea710, type = VK_OBJECT_TYPE_DEVICE; Object 1: handle = 0x50d929000000017b, type = VK_OBJECT_TYPE_IMAGE; | MessageID = 0x71500fba | OBJ ERROR : For VkDevice 0x2b2e0fea710[], VkImage 0x50d929000000017b[] has not been destroyed. The Vulkan spec states: All child objects created on device must have been destroyed prior to destroying device (https://vulkan.lunarg.com/doc/view/1.3.250.0/windows/1.3-extensions/vkspec.html#VUID-vkDestroyDevice-device-00378)
[0m[1m[38;2;255;000;000m[error][vk::validation]: Validation Layer: Validation Error: [ VUID-vkDestroyDevice-device-00378 ] Object 0: handle = 0x2b2e0fea710, type = VK_OBJECT_TYPE_DEVICE; Object 1: handle = 0x3e2a2d0000000118, type = VK_OBJECT_TYPE_IMAGE; | MessageID = 0x71500fba | OBJ ERROR : For VkDevice 0x2b2e0fea710[], VkImage 0x3e2a2d0000000118[] has not been destroyed. The Vulkan spec states: All child objects created on device must have been destroyed prior to destroying device (https://vulkan.lunarg.com/doc/view/1.3.250.0/windows/1.3-extensions/vkspec.html#VUID-vkDestroyDevice-device-00378)
[0m[1m[38;2;255;000;000m[error][vk::validation]: Validation Layer: Validation Error: [ VUID-vkDestroyDevice-device-00378 ] Object 0: handle = 0x2b2e0fea710, type = VK_OBJECT_TYPE_DEVICE; Object 1: handle = 0xad93400000000172, type = VK_OBJECT_TYPE_IMAGE; | MessageID = 0x71500fba | OBJ ERROR : For VkDevice 0x2b2e0fea710[], VkImage 0xad93400000000172[] has not been destroyed. The Vulkan spec states: All child objects created on device must have been destroyed prior to destroying device (https://vulkan.lunarg.com/doc/view/1.3.250.0/windows/1.3-extensions/vkspec.html#VUID-vkDestroyDevice-device-00378)
[0m[1m[38;2;255;000;000m[error][vk::validation]: Validation Layer: Validation Error: [ VUID-vkDestroyDevice-device-00378 ] Object 0: handle = 0x2b2e0fea710, type = VK_OBJECT_TYPE_DEVICE; Object 1: handle = 0x67ff8300000000f4, type = VK_OBJECT_TYPE_IMAGE; | MessageID = 0x71500fba | OBJ ERROR : For VkDevice 0x2b2e0fea710[], VkImage 0x67ff8300000000f4[] has not been destroyed. The Vulkan spec states: All child objects created on device must have been destroyed prior to destroying device (https://vulkan.lunarg.com/doc/view/1.3.250.0/windows/1.3-extensions/vkspec.html#VUID-vkDestroyDevice-device-00378)
[0m[1m[38;2;255;000;000m[error][vk::validation]: Validation Layer: Validation Error: [ VUID-vkDestroyDevice-device-00378 ] Object 0: handle = 0x2b2e0fea710, type = VK_OBJECT_TYPE_DEVICE; Object 1: handle = 0xb8b3500000000ac, type = VK_OBJECT_TYPE_IMAGE; | MessageID = 0x71500fba | OBJ ERROR : For VkDevice 0x2b2e0fea710[], VkImage 0xb8b3500000000ac[] has not been destroyed. The Vulkan spec states: All child objects created on device must have been destroyed prior to destroying device (https://vulkan.lunarg.com/doc/view/1.3.250.0/windows/1.3-extensions/vkspec.html#VUID-vkDestroyDevice-device-00378)
[0m[1m[38;2;255;000;000m[error][vk::validation]: Validation Layer: Validation Error: [ VUID-vkDestroyDevice-device-00378 ] Object 0: handle = 0x2b2e0fea710, type = VK_OBJECT_TYPE_DEVICE; Object 1: handle = 0x1ebe0f000000012a, type = VK_OBJECT_TYPE_IMAGE; | MessageID = 0x71500fba | OBJ ERROR : For VkDevice 0x2b2e0fea710[], VkImage 0x1ebe0f000000012a[] has not been destroyed. The Vulkan spec states: All child objects created on device must have been destroyed prior to destroying device (https://vulkan.lunarg.com/doc/view/1.3.250.0/windows/1.3-extensions/vkspec.html#VUID-vkDestroyDevice-device-00378)
[0m[1m[38;2;255;000;000m[error][vk::validation]: Validation Layer: Validation Error: [ VUID-vkDestroyDevice-device-00378 ] Object 0: handle = 0x2b2e0fea710, type = VK_OBJECT_TYPE_DEVICE; Object 1: handle = 0x9f9b41000000003c, type = VK_OBJECT_TYPE_IMAGE; | MessageID = 0x71500fba | OBJ ERROR : For VkDevice 0x2b2e0fea710[], VkImage 0x9f9b41000000003c[] has not been destroyed. The Vulkan spec states: All child objects created on device must have been destroyed prior to destroying device (https://vulkan.lunarg.com/doc/view/1.3.250.0/windows/1.3-extensions/vkspec.html#VUID-vkDestroyDevice-device-00378)
[0m[1m[38;2;255;000;000m[error][vk::validation]: Validation Layer: Validation Error: [ VUID-vkDestroyDevice-device-00378 ] Object 0: handle = 0x2b2e0fea710, type = VK_OBJECT_TYPE_DEVICE; Object 1: handle = 0xed362f0000000133, type = VK_OBJECT_TYPE_IMAGE; | MessageID = 0x71500fba | OBJ ERROR : For VkDevice 0x2b2e0fea710[], VkImage 0xed362f0000000133[] has not been destroyed. The Vulkan spec states: All child objects created on device must have been destroyed prior to destroying device (https://vulkan.lunarg.com/doc/view/1.3.250.0/windows/1.3-extensions/vkspec.html#VUID-vkDestroyDevice-device-00378)
[0m[1m[38;2;255;000;000m[error][vk::validation]: Validation Layer: Validation Error: [ VUID-vkDestroyDevice-device-00378 ] Object 0: handle = 0x2b2e0fea710, type = VK_OBJECT_TYPE_DEVICE; Object 1: handle = 0xe750a0000000009a, type = VK_OBJECT_TYPE_IMAGE; | MessageID = 0x71500fba | OBJ ERROR : For VkDevice 0x2b2e0fea710[], VkImage 0xe750a0000000009a[] has not been destroyed. The Vulkan spec states: All child objects created on device must have been destroyed prior to destroying device (https://vulkan.lunarg.com/doc/view/1.3.250.0/windows/1.3-extensions/vkspec.html#VUID-vkDestroyDevice-device-00378)
[0m[1m[38;2;255;000;000m[error][vk::validation]: Validation Layer: Validation Error: [ VUID-vkDestroyDevice-device-00378 ] Object 0: handle = 0x2b2e0fea710, type = VK_OBJECT_TYPE_DEVICE; Object 1: handle = 0xa6eb8c0000000157, type = VK_OBJECT_TYPE_IMAGE; | MessageID = 0x71500fba | OBJ ERROR : For VkDevice 0x2b2e0fea710[], VkImage 0xa6eb8c0000000157[] has not been destroyed. The Vulkan spec states: All child objects created on device must have been destroyed prior to destroying device (https://vulkan.lunarg.com/doc/view/1.3.250.0/windows/1.3-extensions/vkspec.html#VUID-vkDestroyDevice-device-00378)
[0m[1m[38;2;255;000;000m[error][vk::validation]: Validation Layer: Validation Error: [ VUID-vkDestroyDevice-device-00378 ] Object 0: handle = 0x2b2e0fea710, type = VK_OBJECT_TYPE_DEVICE; Object 1: handle = 0x2c9fc9000000010f, type = VK_OBJECT_TYPE_IMAGE; | MessageID = 0x71500fba | OBJ ERROR : For VkDevice 0x2b2e0fea710[], VkImage 0x2c9fc9000000010f[] has not been destroyed. The Vulkan spec states: All child objects created on device must have been destroyed prior to destroying device (https://vulkan.lunarg.com/doc/view/1.3.250.0/windows/1.3-extensions/vkspec.html#VUID-vkDestroyDevice-device-00378)
[0m[1m[38;2;255;000;000m[error][vk::validation]: Validation Layer: Validation Error: [ VUID-vkDestroyDevice-device-00378 ] Object 0: handle = 0x2b2e0fea710, type = VK_OBJECT_TYPE_DEVICE; Object 1: handle = 0xd406ad000000014e, type = VK_OBJECT_TYPE_IMAGE; | MessageID = 0x71500fba | OBJ ERROR : For VkDevice 0x2b2e0fea710[], VkImage 0xd406ad000000014e[] has not been destroyed. The Vulkan spec states: All child objects created on device must have been destroyed prior to destroying device (https://vulkan.lunarg.com/doc/view/1.3.250.0/windows/1.3-extensions/vkspec.html#VUID-vkDestroyDevice-device-00378)
[0m[1m[38;2;255;000;000m[error][vk::validation]: Validation Layer: Validation Error: [ VUID-vkDestroyDevice-device-00378 ] Object 0: handle = 0x2b2e0fea710, type = VK_OBJECT_TYPE_DEVICE; Object 1: handle = 0x88d2b500000000e2, type = VK_OBJECT_TYPE_IMAGE; | MessageID = 0x71500fba | OBJ ERROR : For VkDevice 0x2b2e0fea710[], VkImage 0x88d2b500000000e2[] has not been destroyed. The Vulkan spec states: All child objects created on device must have been destroyed prior to destroying device (https://vulkan.lunarg.com/doc/view/1.3.250.0/windows/1.3-extensions/vkspec.html#VUID-vkDestroyDevice-device-00378)
[0m[1m[38;2;255;000;000m[error][vk::validation]: Validation Layer: Validation Error: [ VUID-vkDestroyDevice-device-00378 ] Object 0: handle = 0x2b2e0fea710, type = VK_OBJECT_TYPE_DEVICE; Object 1: handle = 0xf9ddb900000000a3, type = VK_OBJECT_TYPE_IMAGE; | MessageID = 0x71500fba | OBJ ERROR : For VkDevice 0x2b2e0fea710[], VkImage 0xf9ddb900000000a3[] has not been destroyed. The Vulkan spec states: All child objects created on device must have been destroyed prior to destroying device (https://vulkan.lunarg.com/doc/view/1.3.250.0/windows/1.3-extensions/vkspec.html#VUID-vkDestroyDevice-device-00378)
[0m[1m[38;2;255;000;000m[error][vk::validation]: Validation Layer: Validation Error: [ VUID-vkDestroyDevice-device-00378 ] Object 0: handle = 0x2b2e0fea710, type = VK_OBJECT_TYPE_DEVICE; Object 1: handle = 0xad092800000000d0, type = VK_OBJECT_TYPE_IMAGE; | MessageID = 0x71500fba | OBJ ERROR : For VkDevice 0x2b2e0fea710[], VkImage 0xad092800000000d0[] has not been destroyed. The Vulkan spec states: All child objects created on device must have been destroyed prior to destroying device (https://vulkan.lunarg.com/doc/view/1.3.250.0/windows/1.3-extensions/vkspec.html#VUID-vkDestroyDevice-device-00378)
[0m[1m[38;2;255;000;000m[error][vk::validation]: Validation Layer: Validation Error: [ VUID-vkDestroyDevice-device-00378 ] Object 0: handle = 0x2b2e0fea710, type = VK_OBJECT_TYPE_DEVICE; Object 1: handle = 0xc1ded10000000145, type = VK_OBJECT_TYPE_IMAGE; | MessageID = 0x71500fba | OBJ ERROR : For VkDevice 0x2b2e0fea710[], VkImage 0xc1ded10000000145[] has not been destroyed. The Vulkan spec states: All child objects created on device must have been destroyed prior to destroying device (https://vulkan.lunarg.com/doc/view/1.3.250.0/windows/1.3-extensions/vkspec.html#VUID-vkDestroyDevice-device-00378)
[0m[1m[38;2;255;000;000m[error][vk::validation]: Validation Layer: Validation Error: [ VUID-vkDestroyDevice-device-00378 ] Object 0: handle = 0x2b2e0fea710, type = VK_OBJECT_TYPE_DEVICE; Object 1: handle = 0x7323f50000000048, type = VK_OBJECT_TYPE_IMAGE; | MessageID = 0x71500fba | OBJ ERROR : For VkDevice 0x2b2e0fea710[], VkImage 0x7323f50000000048[] has not been destroyed. The Vulkan spec states: All child objects created on device must have been destroyed prior to destroying device (https://vulkan.lunarg.com/doc/view/1.3.250.0/windows/1.3-extensions/vkspec.html#VUID-vkDestroyDevice-device-00378)
[0m[1m[38;2;255;000;000m[error][vk::validation]: Validation Layer: Validation Error: [ VUID-vkDestroyDevice-device-00378 ] Object 0: handle = 0x2b2e0fea710, type = VK_OBJECT_TYPE_DEVICE; Object 1: handle = 0x7675b400000000eb, type = VK_OBJECT_TYPE_IMAGE; | MessageID = 0x71500fba | OBJ ERROR : For VkDevice 0x2b2e0fea710[], VkImage 0x7675b400000000eb[] has not been destroyed. The Vulkan spec states: All child objects created on device must have been destroyed prior to destroying device (https://vulkan.lunarg.com/doc/view/1.3.250.0/windows/1.3-extensions/vkspec.html#VUID-vkDestroyDevice-device-00378)
[0m[1m[38;2;255;000;000m[error][vk::validation]: Validation Layer: Validation Error: [ VUID-vkDestroyDevice-device-00378 ] Object 0: handle = 0x2b2e0fea710, type = VK_OBJECT_TYPE_DEVICE; Object 1: handle = 0x980b0000000002e, type = VK_OBJECT_TYPE_IMAGE; | MessageID = 0x71500fba | OBJ ERROR : For VkDevice 0x2b2e0fea710[], VkImage 0x980b0000000002e[] has not been destroyed. The Vulkan spec states: All child objects created on device must have been destroyed prior to destroying device (https://vulkan.lunarg.com/doc/view/1.3.250.0/windows/1.3-extensions/vkspec.html#VUID-vkDestroyDevice-device-00378)
[0m[1m[38;2;255;000;000m[error][vk::validation]: Validation Layer: Validation Error: [ VUID-vkDestroyDevice-device-00378 ] Object 0: handle = 0x2b2e0fea710, type = VK_OBJECT_TYPE_DEVICE; Object 1: handle = 0x897d930000000160, type = VK_OBJECT_TYPE_IMAGE; | MessageID = 0x71500fba | OBJ ERROR : For VkDevice 0x2b2e0fea710[], VkImage 0x897d930000000160[] has not been destroyed. The Vulkan spec states: All child objects created on device must have been destroyed prior to destroying device (https://vulkan.lunarg.com/doc/view/1.3.250.0/windows/1.3-extensions/vkspec.html#VUID-vkDestroyDevice-device-00378)
[0m[1m[38;2;255;000;000m[error][vk::validation]: Validation Layer: Validation Error: [ VUID-vkDestroyDevice-device-00378 ] Object 0: handle = 0x2b2e0fea710, type = VK_OBJECT_TYPE_DEVICE; Object 1: handle = 0x42e2b00000000106, type = VK_OBJECT_TYPE_IMAGE; | MessageID = 0x71500fba | OBJ ERROR : For VkDevice 0x2b2e0fea710[], VkImage 0x42e2b00000000106[] has not been destroyed. The Vulkan spec states: All child objects created on device must have been destroyed prior to destroying device (https://vulkan.lunarg.com/doc/view/1.3.250.0/windows/1.3-extensions/vkspec.html#VUID-vkDestroyDevice-device-00378)
[0m[1m[38;2;255;000;000m[error][vk::validation]: Validation Layer: Validation Error: [ VUID-vkDestroyDevice-device-00378 ] Object 0: handle = 0x2b2e0fea710, type = VK_OBJECT_TYPE_DEVICE; Object 1: handle = 0x944a2c0000000039, type = VK_OBJECT_TYPE_IMAGE; | MessageID = 0x71500fba | OBJ ERROR : For VkDevice 0x2b2e0fea710[], VkImage 0x944a2c0000000039[] has not been destroyed. The Vulkan spec states: All child objects created on device must have been destroyed prior to destroying device (https://vulkan.lunarg.com/doc/view/1.3.250.0/windows/1.3-extensions/vkspec.html#VUID-vkDestroyDevice-device-00378)
[0m[1m[38;2;255;000;000m[error][vk::validation]: Validation Layer: Validation Error: [ VUID-vkDestroyDevice-device-00378 ] Object 0: handle = 0x2b2e0fea710, type = VK_OBJECT_TYPE_DEVICE; Object 1: handle = 0xbfab3700000000c7, type = VK_OBJECT_TYPE_IMAGE; | MessageID = 0x71500fba | OBJ ERROR : For VkDevice 0x2b2e0fea710[], VkImage 0xbfab3700000000c7[] has not been destroyed. The Vulkan spec states: All child objects created on device must have been destroyed prior to destroying device (https://vulkan.lunarg.com/doc/view/1.3.250.0/windows/1.3-extensions/vkspec.html#VUID-vkDestroyDevice-device-00378)
[0m[1m[38;2;255;000;000m[error][vk::validation]: Validation Layer: Validation Error: [ VUID-vkDestroyDevice-device-00378 ] Object 0: handle = 0x2b2e0fea710, type = VK_OBJECT_TYPE_DEVICE; Object 1: handle = 0xcb1c7c000000001b, type = VK_OBJECT_TYPE_IMAGE; | MessageID = 0x71500fba | OBJ ERROR : For VkDevice 0x2b2e0fea710[], VkImage 0xcb1c7c000000001b[] has not been destroyed. The Vulkan spec states: All child objects created on device must have been destroyed prior to destroying device (https://vulkan.lunarg.com/doc/view/1.3.250.0/windows/1.3-extensions/vkspec.html#VUID-vkDestroyDevice-device-00378)
[0m[1m[38;2;255;000;000m[error][vk::validation]: Validation Layer: Validation Error: [ VUID-vkDestroyDevice-device-00378 ] Object 0: handle = 0x2b2e0fea710, type = VK_OBJECT_TYPE_DEVICE; Object 1: handle = 0x76f3e50000000194, type = VK_OBJECT_TYPE_IMAGE; | MessageID = 0x71500fba | OBJ ERROR : For VkDevice 0x2b2e0fea710[], VkImage 0x76f3e50000000194[] has not been destroyed. The Vulkan spec states: All child objects created on device must have been destroyed prior to destroying device (https://vulkan.lunarg.com/doc/view/1.3.250.0/windows/1.3-extensions/vkspec.html#VUID-vkDestroyDevice-device-00378)
[0m[1m[38;2;255;000;000m[error][vk::validation]: Validation Layer: Validation Error: [ VUID-vkDestroyDevice-device-00378 ] Object 0: handle = 0x2b2e0fea710, type = VK_OBJECT_TYPE_DEVICE; Object 1: handle = 0x2ec10700000000be, type = VK_OBJECT_TYPE_IMAGE; | MessageID = 0x71500fba | OBJ ERROR : For VkDevice 0x2b2e0fea710[], VkImage 0x2ec10700000000be[] has not been destroyed. The Vulkan spec states: All child objects created on device must have been destroyed prior to destroying device (https://vulkan.lunarg.com/doc/view/1.3.250.0/windows/1.3-extensions/vkspec.html#VUID-vkDestroyDevice-device-00378)
[0m[1m[38;2;255;000;000m[error][vk::validation]: Validation Layer: Validation Error: [ VUID-vkDestroyDevice-device-00378 ] Object 0: handle = 0x2b2e0fea710, type = VK_OBJECT_TYPE_DEVICE; Object 1: handle = 0xbbf6ab0000000169, type = VK_OBJECT_TYPE_IMAGE; | MessageID = 0x71500fba | OBJ ERROR : For VkDevice 0x2b2e0fea710[], VkImage 0xbbf6ab0000000169[] has not been destroyed. The Vulkan spec states: All child objects created on device must have been destroyed prior to destroying device (https://vulkan.lunarg.com/doc/view/1.3.250.0/windows/1.3-extensions/vkspec.html#VUID-vkDestroyDevice-device-00378)
[0m[1m[38;2;255;000;000m[error][vk::validation]: Validation Layer: Validation Error: [ VUID-vkDestroyDevice-device-00378 ] Object 0: handle = 0x2b2e0fea710, type = VK_OBJECT_TYPE_DEVICE; Object 1: handle = 0x9b5ec100000000d9, type = VK_OBJECT_TYPE_IMAGE; | MessageID = 0x71500fba | OBJ ERROR : For VkDevice 0x2b2e0fea710[], VkImage 0x9b5ec100000000d9[] has not been destroyed. The Vulkan spec states: All child objects created on device must have been destroyed prior to destroying device (https://vulkan.lunarg.com/doc/view/1.3.250.0/windows/1.3-extensions/vkspec.html#VUID-vkDestroyDevice-device-00378)
[0m[1m[38;2;255;000;000m[error][vk::validation]: Validation Layer: Validation Error: [ VUID-vkDestroyDevice-device-00378 ] Object 0: handle = 0x2b2e0fea710, type = VK_OBJECT_TYPE_DEVICE; Object 1: handle = 0xd68cbb0000000091, type = VK_OBJECT_TYPE_IMAGE; | MessageID = 0x71500fba | OBJ ERROR : For VkDevice 0x2b2e0fea710[], VkImage 0xd68cbb0000000091[] has not been destroyed. The Vulkan spec states: All child objects created on device must have been destroyed prior to destroying device (https://vulkan.lunarg.com/doc/view/1.3.250.0/windows/1.3-extensions/vkspec.html#VUID-vkDestroyDevice-device-00378)
[0m[1m[38;2;255;000;000m[error][vk::validation]: Validation Layer: Validation Error: [ VUID-vkDestroyDevice-device-00378 ] Object 0: handle = 0x2b2e0fea710, type = VK_OBJECT_TYPE_DEVICE; Object 1: handle = 0x8320c0000000121, type = VK_OBJECT_TYPE_IMAGE; | MessageID = 0x71500fba | OBJ ERROR : For VkDevice 0x2b2e0fea710[], VkImage 0x8320c0000000121[] has not been destroyed. The Vulkan spec states: All child objects created on device must have been destroyed prior to destroying device (https://vulkan.lunarg.com/doc/view/1.3.250.0/windows/1.3-extensions/vkspec.html#VUID-vkDestroyDevice-device-00378)
[0m[1m[38;2;255;000;000m[error][vk::validation]: Validation Layer: Validation Error: [ VUID-vkDestroyDevice-device-00378 ] Object 0: handle = 0x2b2e0fea710, type = VK_OBJECT_TYPE_DEVICE; Object 1: handle = 0x1c252400000000b5, type = VK_OBJECT_TYPE_IMAGE; | MessageID = 0x71500fba | OBJ ERROR : For VkDevice 0x2b2e0fea710[], VkImage 0x1c252400000000b5[] has not been destroyed. The Vulkan spec states: All child objects created on device must have been destroyed prior to destroying device (https://vulkan.lunarg.com/doc/view/1.3.250.0/windows/1.3-extensions/vkspec.html#VUID-vkDestroyDevice-device-00378)
[0m[1m[38;2;255;000;000m[error][vk::validation]: Validation Layer: Validation Error: [ VUID-vkDestroyDevice-device-00378 ] Object 0: handle = 0x2b2e0fea710, type = VK_OBJECT_TYPE_DEVICE; Object 1: handle = 0x5142ab00000000fd, type = VK_OBJECT_TYPE_IMAGE; | MessageID = 0x71500fba | OBJ ERROR : For VkDevice 0x2b2e0fea710[], VkImage 0x5142ab00000000fd[] has not been destroyed. The Vulkan spec states: All child objects created on device must have been destroyed prior to destroying device (https://vulkan.lunarg.com/doc/view/1.3.250.0/windows/1.3-extensions/vkspec.html#VUID-vkDestroyDevice-device-00378)
[0m[1m[38;2;255;000;000m[error][vk::validation]: Validation Layer: Validation Error: [ VUID-vkDestroyDevice-device-00378 ] Object 0: handle = 0x2b2e0fea710, type = VK_OBJECT_TYPE_DEVICE; Object 1: handle = 0x612f93000000004e, type = VK_OBJECT_TYPE_IMAGE; | MessageID = 0x71500fba | OBJ ERROR : For VkDevice 0x2b2e0fea710[], VkImage 0x612f93000000004e[] has not been destroyed. The Vulkan spec states: All child objects created on device must have been destroyed prior to destroying device (https://vulkan.lunarg.com/doc/view/1.3.250.0/windows/1.3-extensions/vkspec.html#VUID-vkDestroyDevice-device-00378)
[0m[1m[38;2;255;000;000m[error][vk::validation]: Validation Layer: Validation Error: [ VUID-vkDestroyDevice-device-00378 ] Object 0: handle = 0x2b2e0fea710, type = VK_OBJECT_TYPE_DEVICE; Object 1: handle = 0xf34a48000000013c, type = VK_OBJECT_TYPE_IMAGE; | MessageID = 0x71500fba | OBJ ERROR : For VkDevice 0x2b2e0fea710[], VkImage 0xf34a48000000013c[] has not been destroyed. The Vulkan spec states: All child objects created on device must have been destroyed prior to destroying device (https://vulkan.lunarg.com/doc/view/1.3.250.0/windows/1.3-extensions/vkspec.html#VUID-vkDestroyDevice-device-00378)
[0m[1m[38;2;255;000;000m[error][vk::validation]: Validation Layer: Validation Error: [ VUID-vkDestroyDevice-device-00378 ] Object 0: handle = 0x2b2e0fea710, type = VK_OBJECT_TYPE_DEVICE; Object 1: handle = 0xf3eaa0000000081, type = VK_OBJECT_TYPE_DEVICE_MEMORY; | MessageID = 0x71500fba | OBJ ERROR : For VkDevice 0x2b2e0fea710[], VkDeviceMemory 0xf3eaa0000000081[] has not been destroyed. The Vulkan spec states: All child objects created on device must have been destroyed prior to destroying device (https://vulkan.lunarg.com/doc/view/1.3.250.0/windows/1.3-extensions/vkspec.html#VUID-vkDestroyDevice-device-00378)
[0m[1m[38;2;255;000;000m[error][vk::validation]: Validation Layer: Validation Error: [ VUID-vkDestroyDevice-device-00378 ] Object 0: handle = 0x2b2e0fea710, type = VK_OBJECT_TYPE_DEVICE; Object 1: handle = 0x149d740000000087, type = VK_OBJECT_TYPE_DEVICE_MEMORY; | MessageID = 0x71500fba | OBJ ERROR : For VkDevice 0x2b2e0fea710[], VkDeviceMemory 0x149d740000000087[] has not been destroyed. The Vulkan spec states: All child objects created on device must have been destroyed prior to destroying device (https://vulkan.lunarg.com/doc/view/1.3.250.0/windows/1.3-extensions/vkspec.html#VUID-vkDestroyDevice-device-00378)
[0m[1m[38;2;255;000;000m[error][vk::validation]: Validation Layer: Validation Error: [ VUID-vkDestroyDevice-device-00378 ] Object 0: handle = 0x2b2e0fea710, type = VK_OBJECT_TYPE_DEVICE; Object 1: handle = 0x1cd84000000014f, type = VK_OBJECT_TYPE_DEVICE_MEMORY; | MessageID = 0x71500fba | OBJ ERROR : For VkDevice 0x2b2e0fea710[], VkDeviceMemory 0x1cd84000000014f[] has not been destroyed. The Vulkan spec states: All child objects created on device must have been destroyed prior to destroying device (https://vulkan.lunarg.com/doc/view/1.3.250.0/windows/1.3-extensions/vkspec.html#VUID-vkDestroyDevice-device-00378)
[0m[1m[38;2;255;000;000m[error][vk::validation]: Validation Layer: Validation Error: [ VUID-vkDestroyDevice-device-00378 ] Object 0: handle = 0x2b2e0fea710, type = VK_OBJECT_TYPE_DEVICE; Object 1: handle = 0x269af20000000161, type = VK_OBJECT_TYPE_DEVICE_MEMORY; | MessageID = 0x71500fba | OBJ ERROR : For VkDevice 0x2b2e0fea710[], VkDeviceMemory 0x269af20000000161[] has not been destroyed. The Vulkan spec states: All child objects created on device must have been destroyed prior to destroying device (https://vulkan.lunarg.com/doc/view/1.3.250.0/windows/1.3-extensions/vkspec.html#VUID-vkDestroyDevice-device-00378)
[0m[1m[38;2;255;000;000m[error][vk::validation]: Validation Layer: Validation Error: [ VUID-vkDestroyDevice-device-00378 ] Object 0: handle = 0x2b2e0fea710, type = VK_OBJECT_TYPE_DEVICE; Object 1: handle = 0x59ffe0000000003d, type = VK_OBJECT_TYPE_DEVICE_MEMORY; | MessageID = 0x71500fba | OBJ ERROR : For VkDevice 0x2b2e0fea710[], VkDeviceMemory 0x59ffe0000000003d[] has not been destroyed. The Vulkan spec states: All child objects created on device must have been destroyed prior to destroying device (https://vulkan.lunarg.com/doc/view/1.3.250.0/windows/1.3-extensions/vkspec.html#VUID-vkDestroyDevice-device-00378)
[0m[1m[38;2;255;000;000m[error][vk::validation]: Validation Layer: Validation Error: [ VUID-vkDestroyDevice-device-00378 ] Object 0: handle = 0x2b2e0fea710, type = VK_OBJECT_TYPE_DEVICE; Object 1: handle = 0x4be7e10000000173, type = VK_OBJECT_TYPE_DEVICE_MEMORY; | MessageID = 0x71500fba | OBJ ERROR : For VkDevice 0x2b2e0fea710[], VkDeviceMemory 0x4be7e10000000173[] has not been destroyed. The Vulkan spec states: All child objects created on device must have been destroyed prior to destroying device (https://vulkan.lunarg.com/doc/view/1.3.250.0/windows/1.3-extensions/vkspec.html#VUID-vkDestroyDevice-device-00378)
[0m[1m[38;2;255;000;000m[error][vk::validation]: Validation Layer: Validation Error: [ VUID-vkDestroyDevice-device-00378 ] Object 0: handle = 0x2b2e0fea710, type = VK_OBJECT_TYPE_DEVICE; Object 1: handle = 0xdf43f6000000012b, type = VK_OBJECT_TYPE_DEVICE_MEMORY; | MessageID = 0x71500fba | OBJ ERROR : For VkDevice 0x2b2e0fea710[], VkDeviceMemory 0xdf43f6000000012b[] has not been destroyed. The Vulkan spec states: All child objects created on device must have been destroyed prior to destroying device (https://vulkan.lunarg.com/doc/view/1.3.250.0/windows/1.3-extensions/vkspec.html#VUID-vkDestroyDevice-device-00378)
[0m[1m[38;2;255;000;000m[error][vk::validation]: Validation Layer: Validation Error: [ VUID-vkDestroyDevice-device-00378 ] Object 0: handle = 0x2b2e0fea710, type = VK_OBJECT_TYPE_DEVICE; Object 1: handle = 0x130160000000005c, type = VK_OBJECT_TYPE_DEVICE_MEMORY; | MessageID = 0x71500fba | OBJ ERROR : For VkDevice 0x2b2e0fea710[], VkDeviceMemory 0x130160000000005c[] has not been destroyed. The Vulkan spec states: All child objects created on device must have been destroyed prior to destroying device (https://vulkan.lunarg.com/doc/view/1.3.250.0/windows/1.3-extensions/vkspec.html#VUID-vkDestroyDevice-device-00378)
[0m[1m[38;2;255;000;000m[error][vk::validation]: Validation Layer: Validation Error: [ VUID-vkDestroyDevice-device-00378 ] Object 0: handle = 0x2b2e0fea710, type = VK_OBJECT_TYPE_DEVICE; Object 1: handle = 0x93d4f20000000089, type = VK_OBJECT_TYPE_DEVICE_MEMORY; | MessageID = 0x71500fba | OBJ ERROR : For VkDevice 0x2b2e0fea710[], VkDeviceMemory 0x93d4f20000000089[] has not been destroyed. The Vulkan spec states: All child objects created on device must have been destroyed prior to destroying device (https://vulkan.lunarg.com/doc/view/1.3.250.0/windows/1.3-extensions/vkspec.html#VUID-vkDestroyDevice-device-00378)
[0m[1m[38;2;255;000;000m[error][vk::validation]: Validation Layer: Validation Error: [ VUID-vkDestroyDevice-device-00378 ] Object 0: handle = 0x2b2e0fea710, type = VK_OBJECT_TYPE_DEVICE; Object 1: handle = 0x3eb07000000000c8, type = VK_OBJECT_TYPE_DEVICE_MEMORY; | MessageID = 0x71500fba | OBJ ERROR : For VkDevice 0x2b2e0fea710[], VkDeviceMemory 0x3eb07000000000c8[] has not been destroyed. The Vulkan spec states: All child objects created on device must have been destroyed prior to destroying device (https://vulkan.lunarg.com/doc/view/1.3.250.0/windows/1.3-extensions/vkspec.html#VUID-vkDestroyDevice-device-00378)
[0m[1m[38;2;255;000;000m[error][vk::validation]: Validation Layer: Validation Error: [ VUID-vkDestroyDevice-device-00378 ] Object 0: handle = 0x2b2e0fea710, type = VK_OBJECT_TYPE_DEVICE; Object 1: handle = 0x4868e6000000005a, type = VK_OBJECT_TYPE_DEVICE_MEMORY; | MessageID = 0x71500fba | OBJ ERROR : For VkDevice 0x2b2e0fea710[], VkDeviceMemory 0x4868e6000000005a[] has not been destroyed. The Vulkan spec states: All child objects created on device must have been destroyed prior to destroying device (https://vulkan.lunarg.com/doc/view/1.3.250.0/windows/1.3-extensions/vkspec.html#VUID-vkDestroyDevice-device-00378)
[0m[1m[38;2;255;000;000m[error][vk::validation]: Validation Layer: Validation Error: [ VUID-vkDestroyDevice-device-00378 ] Object 0: handle = 0x2b2e0fea710, type = VK_OBJECT_TYPE_DEVICE; Object 1: handle = 0xdb987f00000000b6, type = VK_OBJECT_TYPE_DEVICE_MEMORY; | MessageID = 0x71500fba | OBJ ERROR : For VkDevice 0x2b2e0fea710[], VkDeviceMemory 0xdb987f00000000b6[] has not been destroyed. The Vulkan spec states: All child objects created on device must have been destroyed prior to destroying device (https://vulkan.lunarg.com/doc/view/1.3.250.0/windows/1.3-extensions/vkspec.html#VUID-vkDestroyDevice-device-00378)
[0m[1m[38;2;255;000;000m[error][vk::validation]: Validation Layer: Validation Error: [ VUID-vkDestroyDevice-device-00378 ] Object 0: handle = 0x2b2e0fea710, type = VK_OBJECT_TYPE_DEVICE; Object 1: handle = 0x17166b0000000158, type = VK_OBJECT_TYPE_DEVICE_MEMORY; | MessageID = 0x71500fba | OBJ ERROR : For VkDevice 0x2b2e0fea710[], VkDeviceMemory 0x17166b0000000158[] has not been destroyed. The Vulkan spec states: All child objects created on device must have been destroyed prior to destroying device (https://vulkan.lunarg.com/doc/view/1.3.250.0/windows/1.3-extensions/vkspec.html#VUID-vkDestroyDevice-device-00378)
[0m[1m[38;2;255;000;000m[error][vk::validation]: Validation Layer: Validation Error: [ VUID-vkDestroyDevice-device-00378 ] Object 0: handle = 0x2b2e0fea710, type = VK_OBJECT_TYPE_DEVICE; Object 1: handle = 0x9675f10000000107, type = VK_OBJECT_TYPE_DEVICE_MEMORY; | MessageID = 0x71500fba | OBJ ERROR : For VkDevice 0x2b2e0fea710[], VkDeviceMemory 0x9675f10000000107[] has not been destroyed. The Vulkan spec states: All child objects created on device must have been destroyed prior to destroying device (https://vulkan.lunarg.com/doc/view/1.3.250.0/windows/1.3-extensions/vkspec.html#VUID-vkDestroyDevice-device-00378)
[0m[1m[38;2;255;000;000m[error][vk::validation]: Validation Layer: Validation Error: [ VUID-vkDestroyDevice-device-00378 ] Object 0: handle = 0x2b2e0fea710, type = VK_OBJECT_TYPE_DEVICE; Object 1: handle = 0xc9ccfc00000000ad, type = VK_OBJECT_TYPE_DEVICE_MEMORY; | MessageID = 0x71500fba | OBJ ERROR : For VkDevice 0x2b2e0fea710[], VkDeviceMemory 0xc9ccfc00000000ad[] has not been destroyed. The Vulkan spec states: All child objects created on device must have been destroyed prior to destroying device (https://vulkan.lunarg.com/doc/view/1.3.250.0/windows/1.3-extensions/vkspec.html#VUID-vkDestroyDevice-device-00378)
[0m[1m[38;2;255;000;000m[error][vk::validation]: Validation Layer: Validation Error: [ VUID-vkDestroyDevice-device-00378 ] Object 0: handle = 0x2b2e0fea710, type = VK_OBJECT_TYPE_DEVICE; Object 1: handle = 0xb991fa0000000024, type = VK_OBJECT_TYPE_DEVICE_MEMORY; | MessageID = 0x71500fba | OBJ ERROR : For VkDevice 0x2b2e0fea710[], VkDeviceMemory 0xb991fa0000000024[] has not been destroyed. The Vulkan spec states: All child objects created on device must have been destroyed prior to destroying device (https://vulkan.lunarg.com/doc/view/1.3.250.0/windows/1.3-extensions/vkspec.html#VUID-vkDestroyDevice-device-00378)
[0m[1m[38;2;255;000;000m[error][vk::validation]: Validation Layer: Validation Error: [ VUID-vkDestroyDevice-device-00378 ] Object 0: handle = 0x2b2e0fea710, type = VK_OBJECT_TYPE_DEVICE; Object 1: handle = 0x7ac17b00000000ec, type = VK_OBJECT_TYPE_DEVICE_MEMORY; | MessageID = 0x71500fba | OBJ ERROR : For VkDevice 0x2b2e0fea710[], VkDeviceMemory 0x7ac17b00000000ec[] has not been destroyed. The Vulkan spec states: All child objects created on device must have been destroyed prior to destroying device (https://vulkan.lunarg.com/doc/view/1.3.250.0/windows/1.3-extensions/vkspec.html#VUID-vkDestroyDevice-device-00378)
[0m[1m[38;2;255;000;000m[error][vk::validation]: Validation Layer: Validation Error: [ VUID-vkDestroyDevice-device-00378 ] Object 0: handle = 0x2b2e0fea710, type = VK_OBJECT_TYPE_DEVICE; Object 1: handle = 0xad19770000000122, type = VK_OBJECT_TYPE_DEVICE_MEMORY; | MessageID = 0x71500fba | OBJ ERROR : For VkDevice 0x2b2e0fea710[], VkDeviceMemory 0xad19770000000122[] has not been destroyed. The Vulkan spec states: All child objects created on device must have been destroyed prior to destroying device (https://vulkan.lunarg.com/doc/view/1.3.250.0/windows/1.3-extensions/vkspec.html#VUID-vkDestroyDevice-device-00378)
[0m[1m[38;2;255;000;000m[error][vk::validation]: Validation Layer: Validation Error: [ VUID-vkDestroyDevice-device-00378 ] Object 0: handle = 0x2b2e0fea710, type = VK_OBJECT_TYPE_DEVICE; Object 1: handle = 0x1e386200000000da, type = VK_OBJECT_TYPE_DEVICE_MEMORY; | MessageID = 0x71500fba | OBJ ERROR : For VkDevice 0x2b2e0fea710[], VkDeviceMemory 0x1e386200000000da[] has not been destroyed. The Vulkan spec states: All child objects created on device must have been destroyed prior to destroying device (https://vulkan.lunarg.com/doc/view/1.3.250.0/windows/1.3-extensions/vkspec.html#VUID-vkDestroyDevice-device-00378)
[0m[1m[38;2;255;000;000m[error][vk::validation]: Validation Layer: Validation Error: [ VUID-vkDestroyDevice-device-00378 ] Object 0: handle = 0x2b2e0fea710, type = VK_OBJECT_TYPE_DEVICE; Object 1: handle = 0x74ea280000000054, type = VK_OBJECT_TYPE_DEVICE_MEMORY; | MessageID = 0x71500fba | OBJ ERROR : For VkDevice 0x2b2e0fea710[], VkDeviceMemory 0x74ea280000000054[] has not been destroyed. The Vulkan spec states: All child objects created on device must have been destroyed prior to destroying device (https://vulkan.lunarg.com/doc/view/1.3.250.0/windows/1.3-extensions/vkspec.html#VUID-vkDestroyDevice-device-00378)
[0m[1m[38;2;255;000;000m[error][vk::validation]: Validation Layer: Validation Error: [ VUID-vkDestroyDevice-device-00378 ] Object 0: handle = 0x2b2e0fea710, type = VK_OBJECT_TYPE_DEVICE; Object 1: handle = 0xe4607e00000000a4, type = VK_OBJECT_TYPE_DEVICE_MEMORY; | MessageID = 0x71500fba | OBJ ERROR : For VkDevice 0x2b2e0fea710[], VkDeviceMemory 0xe4607e00000000a4[] has not been destroyed. The Vulkan spec states: All child objects created on device must have been destroyed prior to destroying device (https://vulkan.lunarg.com/doc/view/1.3.250.0/windows/1.3-extensions/vkspec.html#VUID-vkDestroyDevice-device-00378)
[0m[1m[38;2;255;000;000m[error][vk::validation]: Validation Layer: Validation Error: [ VUID-vkDestroyDevice-device-00378 ] Object 0: handle = 0x2b2e0fea710, type = VK_OBJECT_TYPE_DEVICE; Object 1: handle = 0x2d15fe00000000bf, type = VK_OBJECT_TYPE_DEVICE_MEMORY; | MessageID = 0x71500fba | OBJ ERROR : For VkDevice 0x2b2e0fea710[], VkDeviceMemory 0x2d15fe00000000bf[] has not been destroyed. The Vulkan spec states: All child objects created on device must have been destroyed prior to destroying device (https://vulkan.lunarg.com/doc/view/1.3.250.0/windows/1.3-extensions/vkspec.html#VUID-vkDestroyDevice-device-00378)
[0m[1m[38;2;255;000;000m[error][vk::validation]: Validation Layer: Validation Error: [ VUID-vkDestroyDevice-device-00378 ] Object 0: handle = 0x2b2e0fea710, type = VK_OBJECT_TYPE_DEVICE; Object 1: handle = 0xf6fbc1000000009b, type = VK_OBJECT_TYPE_DEVICE_MEMORY; | MessageID = 0x71500fba | OBJ ERROR : For VkDevice 0x2b2e0fea710[], VkDeviceMemory 0xf6fbc1000000009b[] has not been destroyed. The Vulkan spec states: All child objects created on device must have been destroyed prior to destroying device (https://vulkan.lunarg.com/doc/view/1.3.250.0/windows/1.3-extensions/vkspec.html#VUID-vkDestroyDevice-device-00378)
[0m[1m[38;2;255;000;000m[error][vk::validation]: Validation Layer: Validation Error: [ VUID-vkDestroyDevice-device-00378 ] Object 0: handle = 0x2b2e0fea710, type = VK_OBJECT_TYPE_DEVICE; Object 1: handle = 0x5d820e000000017c, type = VK_OBJECT_TYPE_DEVICE_MEMORY; | MessageID = 0x71500fba | OBJ ERROR : For VkDevice 0x2b2e0fea710[], VkDeviceMemory 0x5d820e000000017c[] has not been destroyed. The Vulkan spec states: All child objects created on device must have been destroyed prior to destroying device (https://vulkan.lunarg.com/doc/view/1.3.250.0/windows/1.3-extensions/vkspec.html#VUID-vkDestroyDevice-device-00378)
[0m[1m[38;2;255;000;000m[error][vk::validation]: Validation Layer: Validation Error: [ VUID-vkDestroyDevice-device-00378 ] Object 0: handle = 0x2b2e0fea710, type = VK_OBJECT_TYPE_DEVICE; Object 1: handle = 0x4a581c0000000195, type = VK_OBJECT_TYPE_DEVICE_MEMORY; | MessageID = 0x71500fba | OBJ ERROR : For VkDevice 0x2b2e0fea710[], VkDeviceMemory 0x4a581c0000000195[] has not been destroyed. The Vulkan spec states: All child objects created on device must have been destroyed prior to destroying device (https://vulkan.lunarg.com/doc/view/1.3.250.0/windows/1.3-extensions/vkspec.html#VUID-vkDestroyDevice-device-00378)
[0m[1m[38;2;255;000;000m[error][vk::validation]: Validation Layer: Validation Error: [ VUID-vkDestroyDevice-device-00378 ] Object 0: handle = 0x2b2e0fea710, type = VK_OBJECT_TYPE_DEVICE; Object 1: handle = 0xcea1400000000134, type = VK_OBJECT_TYPE_DEVICE_MEMORY; | MessageID = 0x71500fba | OBJ ERROR : For VkDevice 0x2b2e0fea710[], VkDeviceMemory 0xcea1400000000134[] has not been destroyed. The Vulkan spec states: All child objects created on device must have been destroyed prior to destroying device (https://vulkan.lunarg.com/doc/view/1.3.250.0/windows/1.3-extensions/vkspec.html#VUID-vkDestroyDevice-device-00378)
[0m[1m[38;2;255;000;000m[error][vk::validation]: Validation Layer: Validation Error: [ VUID-vkDestroyDevice-device-00378 ] Object 0: handle = 0x2b2e0fea710, type = VK_OBJECT_TYPE_DEVICE; Object 1: handle = 0x5c59a0000000056, type = VK_OBJECT_TYPE_DEVICE_MEMORY; | MessageID = 0x71500fba | OBJ ERROR : For VkDevice 0x2b2e0fea710[], VkDeviceMemory 0x5c59a0000000056[] has not been destroyed. The Vulkan spec states: All child objects created on device must have been destroyed prior to destroying device (https://vulkan.lunarg.com/doc/view/1.3.250.0/windows/1.3-extensions/vkspec.html#VUID-vkDestroyDevice-device-00378)
[0m[1m[38;2;255;000;000m[error][vk::validation]: Validation Layer: Validation Error: [ VUID-vkDestroyDevice-device-00378 ] Object 0: handle = 0x2b2e0fea710, type = VK_OBJECT_TYPE_DEVICE; Object 1: handle = 0xde4e51000000008b, type = VK_OBJECT_TYPE_DEVICE_MEMORY; | MessageID = 0x71500fba | OBJ ERROR : For VkDevice 0x2b2e0fea710[], VkDeviceMemory 0xde4e51000000008b[] has not been destroyed. The Vulkan spec states: All child objects created on device must have been destroyed prior to destroying device (https://vulkan.lunarg.com/doc/view/1.3.250.0/windows/1.3-extensions/vkspec.html#VUID-vkDestroyDevice-device-00378)
[0m[1m[38;2;255;000;000m[error][vk::validation]: Validation Layer: Validation Error: [ VUID-vkDestroyDevice-device-00378 ] Object 0: handle = 0x2b2e0fea710, type = VK_OBJECT_TYPE_DEVICE; Object 1: handle = 0x678f7800000000fe, type = VK_OBJECT_TYPE_DEVICE_MEMORY; | MessageID = 0x71500fba | OBJ ERROR : For VkDevice 0x2b2e0fea710[], VkDeviceMemory 0x678f7800000000fe[] has not been destroyed. The Vulkan spec states: All child objects created on device must have been destroyed prior to destroying device (https://vulkan.lunarg.com/doc/view/1.3.250.0/windows/1.3-extensions/vkspec.html#VUID-vkDestroyDevice-device-00378)
[0m[1m[38;2;255;000;000m[error][vk::validation]: Validation Layer: Validation Error: [ VUID-vkDestroyDevice-device-00378 ] Object 0: handle = 0x2b2e0fea710, type = VK_OBJECT_TYPE_DEVICE; Object 1: handle = 0x384a48000000016a, type = VK_OBJECT_TYPE_DEVICE_MEMORY; | MessageID = 0x71500fba | OBJ ERROR : For VkDevice 0x2b2e0fea710[], VkDeviceMemory 0x384a48000000016a[] has not been destroyed. The Vulkan spec states: All child objects created on device must have been destroyed prior to destroying device (https://vulkan.lunarg.com/doc/view/1.3.250.0/windows/1.3-extensions/vkspec.html#VUID-vkDestroyDevice-device-00378)
[0m[1m[38;2;255;000;000m[error][vk::validation]: Validation Layer: Validation Error: [ VUID-vkDestroyDevice-device-00378 ] Object 0: handle = 0x2b2e0fea710, type = VK_OBJECT_TYPE_DEVICE; Object 1: handle = 0xca0b160000000085, type = VK_OBJECT_TYPE_DEVICE_MEMORY; | MessageID = 0x71500fba | OBJ ERROR : For VkDevice 0x2b2e0fea710[], VkDeviceMemory 0xca0b160000000085[] has not been destroyed. The Vulkan spec states: All child objects created on device must have been destroyed prior to destroying device (https://vulkan.lunarg.com/doc/view/1.3.250.0/windows/1.3-extensions/vkspec.html#VUID-vkDestroyDevice-device-00378)
[0m[1m[38;2;255;000;000m[error][vk::validation]: Validation Layer: Validation Error: [ VUID-vkDestroyDevice-device-00378 ] Object 0: handle = 0x2b2e0fea710, type = VK_OBJECT_TYPE_DEVICE; Object 1: handle = 0x2cfba2000000001c, type = VK_OBJECT_TYPE_DEVICE_MEMORY; | MessageID = 0x71500fba | OBJ ERROR : For VkDevice 0x2b2e0fea710[], VkDeviceMemory 0x2cfba2000000001c[] has not been destroyed. The Vulkan spec states: All child objects created on device must have been destroyed prior to destroying device (https://vulkan.lunarg.com/doc/view/1.3.250.0/windows/1.3-extensions/vkspec.html#VUID-vkDestroyDevice-device-00378)
[0m[1m[38;2;255;000;000m[error][vk::validation]: Validation Layer: Validation Error: [ VUID-vkDestroyDevice-device-00378 ] Object 0: handle = 0x2b2e0fea710, type = VK_OBJECT_TYPE_DEVICE; Object 1: handle = 0x7cd292000000004f, type = VK_OBJECT_TYPE_DEVICE_MEMORY; | MessageID = 0x71500fba | OBJ ERROR : For VkDevice 0x2b2e0fea710[], VkDeviceMemory 0x7cd292000000004f[] has not been destroyed. The Vulkan spec states: All child objects created on device must have been destroyed prior to destroying device (https://vulkan.lunarg.com/doc/view/1.3.250.0/windows/1.3-extensions/vkspec.html#VUID-vkDestroyDevice-device-00378)
[0m[1m[38;2;255;000;000m[error][vk::validation]: Validation Layer: Validation Error: [ VUID-vkDestroyDevice-device-00378 ] Object 0: handle = 0x2b2e0fea710, type = VK_OBJECT_TYPE_DEVICE; Object 1: handle = 0x6caffc00000000e3, type = VK_OBJECT_TYPE_DEVICE_MEMORY; | MessageID = 0x71500fba | OBJ ERROR : For VkDevice 0x2b2e0fea710[], VkDeviceMemory 0x6caffc00000000e3[] has not been destroyed. The Vulkan spec states: All child objects created on device must have been destroyed prior to destroying device (https://vulkan.lunarg.com/doc/view/1.3.250.0/windows/1.3-extensions/vkspec.html#VUID-vkDestroyDevice-device-00378)
[0m[1m[38;2;255;000;000m[error][vk::validation]: Validation Layer: Validation Error: [ VUID-vkDestroyDevice-device-00378 ] Object 0: handle = 0x2b2e0fea710, type = VK_OBJECT_TYPE_DEVICE; Object 1: handle = 0x4964e200000000f5, type = VK_OBJECT_TYPE_DEVICE_MEMORY; | MessageID = 0x71500fba | OBJ ERROR : For VkDevice 0x2b2e0fea710[], VkDeviceMemory 0x4964e200000000f5[] has not been destroyed. The Vulkan spec states: All child objects created on device must have been destroyed prior to destroying device (https://vulkan.lunarg.com/doc/view/1.3.250.0/windows/1.3-extensions/vkspec.html#VUID-vkDestroyDevice-device-00378)
[0m[1m[38;2;255;000;000m[error][vk::validation]: Validation Layer: Validation Error: [ VUID-vkDestroyDevice-device-00378 ] Object 0: handle = 0x2b2e0fea710, type = VK_OBJECT_TYPE_DEVICE; Object 1: handle = 0xe0601f000000008d, type = VK_OBJECT_TYPE_DEVICE_MEMORY; | MessageID = 0x71500fba | OBJ ERROR : For VkDevice 0x2b2e0fea710[], VkDeviceMemory 0xe0601f000000008d[] has not been destroyed. The Vulkan spec states: All child objects created on device must have been destroyed prior to destroying device (https://vulkan.lunarg.com/doc/view/1.3.250.0/windows/1.3-extensions/vkspec.html#VUID-vkDestroyDevice-device-00378)
[0m[1m[38;2;255;000;000m[error][vk::validation]: Validation Layer: Validation Error: [ VUID-vkDestroyDevice-device-00378 ] Object 0: handle = 0x2b2e0fea710, type = VK_OBJECT_TYPE_DEVICE; Object 1: handle = 0x4b7df1000000002f, type = VK_OBJECT_TYPE_DEVICE_MEMORY; | MessageID = 0x71500fba | OBJ ERROR : For VkDevice 0x2b2e0fea710[], VkDeviceMemory 0x4b7df1000000002f[] has not been destroyed. The Vulkan spec states: All child objects created on device must have been destroyed prior to destroying device (https://vulkan.lunarg.com/doc/view/1.3.250.0/windows/1.3-extensions/vkspec.html#VUID-vkDestroyDevice-device-00378)
[0m[1m[38;2;255;000;000m[error][vk::validation]: Validation Layer: Validation Error: [ VUID-vkDestroyDevice-device-00378 ] Object 0: handle = 0x2b2e0fea710, type = VK_OBJECT_TYPE_DEVICE; Object 1: handle = 0xa171580000000083, type = VK_OBJECT_TYPE_DEVICE_MEMORY; | MessageID = 0x71500fba | OBJ ERROR : For VkDevice 0x2b2e0fea710[], VkDeviceMemory 0xa171580000000083[] has not been destroyed. The Vulkan spec states: All child objects created on device must have been destroyed prior to destroying device (https://vulkan.lunarg.com/doc/view/1.3.250.0/windows/1.3-extensions/vkspec.html#VUID-vkDestroyDevice-device-00378)
[0m[1m[38;2;255;000;000m[error][vk::validation]: Validation Layer: Validation Error: [ VUID-vkDestroyDevice-device-00378 ] Object 0: handle = 0x2b2e0fea710, type = VK_OBJECT_TYPE_DEVICE; Object 1: handle = 0x210d07000000003a, type = VK_OBJECT_TYPE_DEVICE_MEMORY; | MessageID = 0x71500fba | OBJ ERROR : For VkDevice 0x2b2e0fea710[], VkDeviceMemory 0x210d07000000003a[] has not been destroyed. The Vulkan spec states: All child objects created on device must have been destroyed prior to destroying device (https://vulkan.lunarg.com/doc/view/1.3.250.0/windows/1.3-extensions/vkspec.html#VUID-vkDestroyDevice-device-00378)
[0m[1m[38;2;255;000;000m[error][vk::validation]: Validation Layer: Validation Error: [ VUID-vkDestroyDevice-device-00378 ] Object 0: handle = 0x2b2e0fea710, type = VK_OBJECT_TYPE_DEVICE; Object 1: handle = 0x7bcc1d000000018c, type = VK_OBJECT_TYPE_DEVICE_MEMORY; | MessageID = 0x71500fba | OBJ ERROR : For VkDevice 0x2b2e0fea710[], VkDeviceMemory 0x7bcc1d000000018c[] has not been destroyed. The Vulkan spec states: All child objects created on device must have been destroyed prior to destroying device (https://vulkan.lunarg.com/doc/view/1.3.250.0/windows/1.3-extensions/vkspec.html#VUID-vkDestroyDevice-device-00378)
[0m[1m[38;2;255;000;000m[error][vk::validation]: Validation Layer: Validation Error: [ VUID-vkDestroyDevice-device-00378 ] Object 0: handle = 0x2b2e0fea710, type = VK_OBJECT_TYPE_DEVICE; Object 1: handle = 0x8168780000000092, type = VK_OBJECT_TYPE_DEVICE_MEMORY; | MessageID = 0x71500fba | OBJ ERROR : For VkDevice 0x2b2e0fea710[], VkDeviceMemory 0x8168780000000092[] has not been destroyed. The Vulkan spec states: All child objects created on device must have been destroyed prior to destroying device (https://vulkan.lunarg.com/doc/view/1.3.250.0/windows/1.3-extensions/vkspec.html#VUID-vkDestroyDevice-device-00378)
[0m[1m[38;2;255;000;000m[error][vk::validation]: Validation Layer: Validation Error: [ VUID-vkDestroyDevice-device-00378 ] Object 0: handle = 0x2b2e0fea710, type = VK_OBJECT_TYPE_DEVICE; Object 1: handle = 0xfb4f900000000d1, type = VK_OBJECT_TYPE_DEVICE_MEMORY; | MessageID = 0x71500fba | OBJ ERROR : For VkDevice 0x2b2e0fea710[], VkDeviceMemory 0xfb4f900000000d1[] has not been destroyed. The Vulkan spec states: All child objects created on device must have been destroyed prior to destroying device (https://vulkan.lunarg.com/doc/view/1.3.250.0/windows/1.3-extensions/vkspec.html#VUID-vkDestroyDevice-device-00378)
[0m[1m[38;2;255;000;000m[error][vk::validation]: Validation Layer: Validation Error: [ VUID-vkDestroyDevice-device-00378 ] Object 0: handle = 0x2b2e0fea710, type = VK_OBJECT_TYPE_DEVICE; Object 1: handle = 0x80f3660000000110, type = VK_OBJECT_TYPE_DEVICE_MEMORY; | MessageID = 0x71500fba | OBJ ERROR : For VkDevice 0x2b2e0fea710[], VkDeviceMemory 0x80f3660000000110[] has not been destroyed. The Vulkan spec states: All child objects created on device must have been destroyed prior to destroying device (https://vulkan.lunarg.com/doc/view/1.3.250.0/windows/1.3-extensions/vkspec.html#VUID-vkDestroyDevice-device-00378)
[0m[1m[38;2;255;000;000m[error][vk::validation]: Validation Layer: Validation Error: [ VUID-vkDestroyDevice-device-00378 ] Object 0: handle = 0x2b2e0fea710, type = VK_OBJECT_TYPE_DEVICE; Object 1: handle = 0x40b43c0000000049, type = VK_OBJECT_TYPE_DEVICE_MEMORY; | MessageID = 0x71500fba | OBJ ERROR : For VkDevice 0x2b2e0fea710[], VkDeviceMemory 0x40b43c0000000049[] has not been destroyed. The Vulkan spec states: All child objects created on device must have been destroyed prior to destroying device (https://vulkan.lunarg.com/doc/view/1.3.250.0/windows/1.3-extensions/vkspec.html#VUID-vkDestroyDevice-device-00378)
[0m[1m[38;2;255;000;000m[error][vk::validation]: Validation Layer: Validation Error: [ VUID-vkDestroyDevice-device-00378 ] Object 0: handle = 0x2b2e0fea710, type = VK_OBJECT_TYPE_DEVICE; Object 1: handle = 0xfc06e9000000013d, type = VK_OBJECT_TYPE_DEVICE_MEMORY; | MessageID = 0x71500fba | OBJ ERROR : For VkDevice 0x2b2e0fea710[], VkDeviceMemory 0xfc06e9000000013d[] has not been destroyed. The Vulkan spec states: All child objects created on device must have been destroyed prior to destroying device (https://vulkan.lunarg.com/doc/view/1.3.250.0/windows/1.3-extensions/vkspec.html#VUID-vkDestroyDevice-device-00378)
[0m[1m[38;2;255;000;000m[error][vk::validation]: Validation Layer: Validation Error: [ VUID-vkDestroyDevice-device-00378 ] Object 0: handle = 0x2b2e0fea710, type = VK_OBJECT_TYPE_DEVICE; Object 1: handle = 0xf3bb720000000146, type = VK_OBJECT_TYPE_DEVICE_MEMORY; | MessageID = 0x71500fba | OBJ ERROR : For VkDevice 0x2b2e0fea710[], VkDeviceMemory 0xf3bb720000000146[] has not been destroyed. The Vulkan spec states: All child objects created on device must have been destroyed prior to destroying device (https://vulkan.lunarg.com/doc/view/1.3.250.0/windows/1.3-extensions/vkspec.html#VUID-vkDestroyDevice-device-00378)
[0m[1m[38;2;255;000;000m[error][vk::validation]: Validation Layer: Validation Error: [ VUID-vkDestroyDevice-device-00378 ] Object 0: handle = 0x2b2e0fea710, type = VK_OBJECT_TYPE_DEVICE; Object 1: handle = 0xb28f040000000119, type = VK_OBJECT_TYPE_DEVICE_MEMORY; | MessageID = 0x71500fba | OBJ ERROR : For VkDevice 0x2b2e0fea710[], VkDeviceMemory 0xb28f040000000119[] has not been destroyed. The Vulkan spec states: All child objects created on device must have been destroyed prior to destroying device (https://vulkan.lunarg.com/doc/view/1.3.250.0/windows/1.3-extensions/vkspec.html#VUID-vkDestroyDevice-device-00378)
[0m[1m[38;2;255;000;000m[error][vk::validation]: Validation Layer: Validation Error: [ VUID-vkDestroyDevice-device-00378 ] Object 0: handle = 0x2b2e0fea710, type = VK_OBJECT_TYPE_DEVICE; Object 1: handle = 0x625f640000000058, type = VK_OBJECT_TYPE_DEVICE_MEMORY; | MessageID = 0x71500fba | OBJ ERROR : For VkDevice 0x2b2e0fea710[], VkDeviceMemory 0x625f640000000058[] has not been destroyed. The Vulkan spec states: All child objects created on device must have been destroyed prior to destroying device (https://vulkan.lunarg.com/doc/view/1.3.250.0/windows/1.3-extensions/vkspec.html#VUID-vkDestroyDevice-device-00378)
[0m[1m[38;2;255;000;000m[error][vk::validation]: Validation Layer: Validation Error: [ VUID-vkDestroyDevice-device-00378 ] Object 0: handle = 0x2b2e0fea710, type = VK_OBJECT_TYPE_DEVICE; Object 1: handle = 0x1e7d540000000102, type = VK_OBJECT_TYPE_IMAGE_VIEW; | MessageID = 0x71500fba | OBJ ERROR : For VkDevice 0x2b2e0fea710[], VkImageView 0x1e7d540000000102[] has not been destroyed. The Vulkan spec states: All child objects created on device must have been destroyed prior to destroying device (https://vulkan.lunarg.com/doc/view/1.3.250.0/windows/1.3-extensions/vkspec.html#VUID-vkDestroyDevice-device-00378)
[0m[1m[38;2;255;000;000m[error][vk::validation]: Validation Layer: Validation Error: [ VUID-vkDestroyDevice-device-00378 ] Object 0: handle = 0x2b2e0fea710, type = VK_OBJECT_TYPE_DEVICE; Object 1: handle = 0xcfcda0000000001e, type = VK_OBJECT_TYPE_IMAGE_VIEW; | MessageID = 0x71500fba | OBJ ERROR : For VkDevice 0x2b2e0fea710[], VkImageView 0xcfcda0000000001e[] has not been destroyed. The Vulkan spec states: All child objects created on device must have been destroyed prior to destroying device (https://vulkan.lunarg.com/doc/view/1.3.250.0/windows/1.3-extensions/vkspec.html#VUID-vkDestroyDevice-device-00378)
[0m[1m[38;2;255;000;000m[error][vk::validation]: Validation Layer: Validation Error: [ VUID-vkDestroyDevice-device-00378 ] Object 0: handle = 0x2b2e0fea710, type = VK_OBJECT_TYPE_DEVICE; Object 1: handle = 0xe1d669000000014a, type = VK_OBJECT_TYPE_IMAGE_VIEW; | MessageID = 0x71500fba | OBJ ERROR : For VkDevice 0x2b2e0fea710[], VkImageView 0xe1d669000000014a[] has not been destroyed. The Vulkan spec states: All child objects created on device must have been destroyed prior to destroying device (https://vulkan.lunarg.com/doc/view/1.3.250.0/windows/1.3-extensions/vkspec.html#VUID-vkDestroyDevice-device-00378)
[0m[1m[38;2;255;000;000m[error][vk::validation]: Validation Layer: Validation Error: [ VUID-vkDestroyDevice-device-00378 ] Object 0: handle = 0x2b2e0fea710, type = VK_OBJECT_TYPE_DEVICE; Object 1: handle = 0xf333ed0000000141, type = VK_OBJECT_TYPE_IMAGE_VIEW; | MessageID = 0x71500fba | OBJ ERROR : For VkDevice 0x2b2e0fea710[], VkImageView 0xf333ed0000000141[] has not been destroyed. The Vulkan spec states: All child objects created on device must have been destroyed prior to destroying device (https://vulkan.lunarg.com/doc/view/1.3.250.0/windows/1.3-extensions/vkspec.html#VUID-vkDestroyDevice-device-00378)
[0m[1m[38;2;255;000;000m[error][vk::validation]: Validation Layer: Validation Error: [ VUID-vkDestroyDevice-device-00378 ] Object 0: handle = 0x2b2e0fea710, type = VK_OBJECT_TYPE_DEVICE; Object 1: handle = 0x5eb05e000000003b, type = VK_OBJECT_TYPE_IMAGE_VIEW; | MessageID = 0x71500fba | OBJ ERROR : For VkDevice 0x2b2e0fea710[], VkImageView 0x5eb05e000000003b[] has not been destroyed. The Vulkan spec states: All child objects created on device must have been destroyed prior to destroying device (https://vulkan.lunarg.com/doc/view/1.3.250.0/windows/1.3-extensions/vkspec.html#VUID-vkDestroyDevice-device-00378)
[0m[1m[38;2;255;000;000m[error][vk::validation]: Validation Layer: Validation Error: [ VUID-vkDestroyDevice-device-00378 ] Object 0: handle = 0x2b2e0fea710, type = VK_OBJECT_TYPE_DEVICE; Object 1: handle = 0x73a850000000004d, type = VK_OBJECT_TYPE_IMAGE_VIEW; | MessageID = 0x71500fba | OBJ ERROR : For VkDevice 0x2b2e0fea710[], VkImageView 0x73a850000000004d[] has not been destroyed. The Vulkan spec states: All child objects created on device must have been destroyed prior to destroying device (https://vulkan.lunarg.com/doc/view/1.3.250.0/windows/1.3-extensions/vkspec.html#VUID-vkDestroyDevice-device-00378)
[0m[1m[38;2;255;000;000m[error][vk::validation]: Validation Layer: Validation Error: [ VUID-vkDestroyDevice-device-00378 ] Object 0: handle = 0x2b2e0fea710, type = VK_OBJECT_TYPE_DEVICE; Object 1: handle = 0x5b275900000000de, type = VK_OBJECT_TYPE_IMAGE_VIEW; | MessageID = 0x71500fba | OBJ ERROR : For VkDevice 0x2b2e0fea710[], VkImageView 0x5b275900000000de[] has not been destroyed. The Vulkan spec states: All child objects created on device must have been destroyed prior to destroying device (https://vulkan.lunarg.com/doc/view/1.3.250.0/windows/1.3-extensions/vkspec.html#VUID-vkDestroyDevice-device-00378)
[0m[1m[38;2;255;000;000m[error][vk::validation]: Validation Layer: Validation Error: [ VUID-vkDestroyDevice-device-00378 ] Object 0: handle = 0x2b2e0fea710, type = VK_OBJECT_TYPE_DEVICE; Object 1: handle = 0xd84b930000000126, type = VK_OBJECT_TYPE_IMAGE_VIEW; | MessageID = 0x71500fba | OBJ ERROR : For VkDevice 0x2b2e0fea710[], VkImageView 0xd84b930000000126[] has not been destroyed. The Vulkan spec states: All child objects created on device must have been destroyed prior to destroying device (https://vulkan.lunarg.com/doc/view/1.3.250.0/windows/1.3-extensions/vkspec.html#VUID-vkDestroyDevice-device-00378)
[0m[1m[38;2;255;000;000m[error][vk::validation]: Validation Layer: Validation Error: [ VUID-vkDestroyDevice-device-00378 ] Object 0: handle = 0x2b2e0fea710, type = VK_OBJECT_TYPE_DEVICE; Object 1: handle = 0x7ddd740000000051, type = VK_OBJECT_TYPE_IMAGE_VIEW; | MessageID = 0x71500fba | OBJ ERROR : For VkDevice 0x2b2e0fea710[], VkImageView 0x7ddd740000000051[] has not been destroyed. The Vulkan spec states: All child objects created on device must have been destroyed prior to destroying device (https://vulkan.lunarg.com/doc/view/1.3.250.0/windows/1.3-extensions/vkspec.html#VUID-vkDestroyDevice-device-00378)
[0m[1m[38;2;255;000;000m[error][vk::validation]: Validation Layer: Validation Error: [ VUID-vkDestroyDevice-device-00378 ] Object 0: handle = 0x2b2e0fea710, type = VK_OBJECT_TYPE_DEVICE; Object 1: handle = 0xff7e700000000f9, type = VK_OBJECT_TYPE_IMAGE_VIEW; | MessageID = 0x71500fba | OBJ ERROR : For VkDevice 0x2b2e0fea710[], VkImageView 0xff7e700000000f9[] has not been destroyed. The Vulkan spec states: All child objects created on device must have been destroyed prior to destroying device (https://vulkan.lunarg.com/doc/view/1.3.250.0/windows/1.3-extensions/vkspec.html#VUID-vkDestroyDevice-device-00378)
[0m[1m[38;2;255;000;000m[error][vk::validation]: Validation Layer: Validation Error: [ VUID-vkDestroyDevice-device-00378 ] Object 0: handle = 0x2b2e0fea710, type = VK_OBJECT_TYPE_DEVICE; Object 1: handle = 0x5c5283000000003e, type = VK_OBJECT_TYPE_IMAGE_VIEW; | MessageID = 0x71500fba | OBJ ERROR : For VkDevice 0x2b2e0fea710[], VkImageView 0x5c5283000000003e[] has not been destroyed. The Vulkan spec states: All child objects created on device must have been destroyed prior to destroying device (https://vulkan.lunarg.com/doc/view/1.3.250.0/windows/1.3-extensions/vkspec.html#VUID-vkDestroyDevice-device-00378)
[0m[1m[38;2;255;000;000m[error][vk::validation]: Validation Layer: Validation Error: [ VUID-vkDestroyDevice-device-00378 ] Object 0: handle = 0x2b2e0fea710, type = VK_OBJECT_TYPE_DEVICE; Object 1: handle = 0x5581c500000000d5, type = VK_OBJECT_TYPE_IMAGE_VIEW; | MessageID = 0x71500fba | OBJ ERROR : For VkDevice 0x2b2e0fea710[], VkImageView 0x5581c500000000d5[] has not been destroyed. The Vulkan spec states: All child objects created on device must have been destroyed prior to destroying device (https://vulkan.lunarg.com/doc/view/1.3.250.0/windows/1.3-extensions/vkspec.html#VUID-vkDestroyDevice-device-00378)
[0m[1m[38;2;255;000;000m[error][vk::validation]: Validation Layer: Validation Error: [ VUID-vkDestroyDevice-device-00378 ] Object 0: handle = 0x2b2e0fea710, type = VK_OBJECT_TYPE_DEVICE; Object 1: handle = 0x50aed0000000177, type = VK_OBJECT_TYPE_IMAGE_VIEW; | MessageID = 0x71500fba | OBJ ERROR : For VkDevice 0x2b2e0fea710[], VkImageView 0x50aed0000000177[] has not been destroyed. The Vulkan spec states: All child objects created on device must have been destroyed prior to destroying device (https://vulkan.lunarg.com/doc/view/1.3.250.0/windows/1.3-extensions/vkspec.html#VUID-vkDestroyDevice-device-00378)
[0m[1m[38;2;255;000;000m[error][vk::validation]: Validation Layer: Validation Error: [ VUID-vkDestroyDevice-device-00378 ] Object 0: handle = 0x2b2e0fea710, type = VK_OBJECT_TYPE_DEVICE; Object 1: handle = 0xce045c0000000096, type = VK_OBJECT_TYPE_IMAGE_VIEW; | MessageID = 0x71500fba | OBJ ERROR : For VkDevice 0x2b2e0fea710[], VkImageView 0xce045c0000000096[] has not been destroyed. The Vulkan spec states: All child objects created on device must have been destroyed prior to destroying device (https://vulkan.lunarg.com/doc/view/1.3.250.0/windows/1.3-extensions/vkspec.html#VUID-vkDestroyDevice-device-00378)
[0m[1m[38;2;255;000;000m[error][vk::validation]: Validation Layer: Validation Error: [ VUID-vkDestroyDevice-device-00378 ] Object 0: handle = 0x2b2e0fea710, type = VK_OBJECT_TYPE_DEVICE; Object 1: handle = 0xc5a188000000011d, type = VK_OBJECT_TYPE_IMAGE_VIEW; | MessageID = 0x71500fba | OBJ ERROR : For VkDevice 0x2b2e0fea710[], VkImageView 0xc5a188000000011d[] has not been destroyed. The Vulkan spec states: All child objects created on device must have been destroyed prior to destroying device (https://vulkan.lunarg.com/doc/view/1.3.250.0/windows/1.3-extensions/vkspec.html#VUID-vkDestroyDevice-device-00378)
[0m[1m[38;2;255;000;000m[error][vk::validation]: Validation Layer: Validation Error: [ VUID-vkDestroyDevice-device-00378 ] Object 0: handle = 0x2b2e0fea710, type = VK_OBJECT_TYPE_DEVICE; Object 1: handle = 0xfc68dd000000009f, type = VK_OBJECT_TYPE_IMAGE_VIEW; | MessageID = 0x71500fba | OBJ ERROR : For VkDevice 0x2b2e0fea710[], VkImageView 0xfc68dd000000009f[] has not been destroyed. The Vulkan spec states: All child objects created on device must have been destroyed prior to destroying device (https://vulkan.lunarg.com/doc/view/1.3.250.0/windows/1.3-extensions/vkspec.html#VUID-vkDestroyDevice-device-00378)
[0m[1m[38;2;255;000;000m[error][vk::validation]: Validation Layer: Validation Error: [ VUID-vkDestroyDevice-device-00378 ] Object 0: handle = 0x2b2e0fea710, type = VK_OBJECT_TYPE_DEVICE; Object 1: handle = 0xb6389b00000000c3, type = VK_OBJECT_TYPE_IMAGE_VIEW; | MessageID = 0x71500fba | OBJ ERROR : For VkDevice 0x2b2e0fea710[], VkImageView 0xb6389b00000000c3[] has not been destroyed. The Vulkan spec states: All child objects created on device must have been destroyed prior to destroying device (https://vulkan.lunarg.com/doc/view/1.3.250.0/windows/1.3-extensions/vkspec.html#VUID-vkDestroyDevice-device-00378)
[0m[1m[38;2;255;000;000m[error][vk::validation]: Validation Layer: Validation Error: [ VUID-vkDestroyDevice-device-00378 ] Object 0: handle = 0x2b2e0fea710, type = VK_OBJECT_TYPE_DEVICE; Object 1: handle = 0xa43473000000002d, type = VK_OBJECT_TYPE_IMAGE_VIEW; | MessageID = 0x71500fba | OBJ ERROR : For VkDevice 0x2b2e0fea710[], VkImageView 0xa43473000000002d[] has not been destroyed. The Vulkan spec states: All child objects created on device must have been destroyed prior to destroying device (https://vulkan.lunarg.com/doc/view/1.3.250.0/windows/1.3-extensions/vkspec.html#VUID-vkDestroyDevice-device-00378)
[0m[1m[38;2;255;000;000m[error][vk::validation]: Validation Layer: Validation Error: [ VUID-vkDestroyDevice-device-00378 ] Object 0: handle = 0x2b2e0fea710, type = VK_OBJECT_TYPE_DEVICE; Object 1: handle = 0x84be4c0000000138, type = VK_OBJECT_TYPE_IMAGE_VIEW; | MessageID = 0x71500fba | OBJ ERROR : For VkDevice 0x2b2e0fea710[], VkImageView 0x84be4c0000000138[] has not been destroyed. The Vulkan spec states: All child objects created on device must have been destroyed prior to destroying device (https://vulkan.lunarg.com/doc/view/1.3.250.0/windows/1.3-extensions/vkspec.html#VUID-vkDestroyDevice-device-00378)
[0m[1m[38;2;255;000;000m[error][vk::validation]: Validation Layer: Validation Error: [ VUID-vkDestroyDevice-device-00378 ] Object 0: handle = 0x2b2e0fea710, type = VK_OBJECT_TYPE_DEVICE; Object 1: handle = 0x10d2720000000180, type = VK_OBJECT_TYPE_IMAGE_VIEW; | MessageID = 0x71500fba | OBJ ERROR : For VkDevice 0x2b2e0fea710[], VkImageView 0x10d2720000000180[] has not been destroyed. The Vulkan spec states: All child objects created on device must have been destroyed prior to destroying device (https://vulkan.lunarg.com/doc/view/1.3.250.0/windows/1.3-extensions/vkspec.html#VUID-vkDestroyDevice-device-00378)
[0m[1m[38;2;255;000;000m[error][vk::validation]: Validation Layer: Validation Error: [ VUID-vkDestroyDevice-device-00378 ] Object 0: handle = 0x2b2e0fea710, type = VK_OBJECT_TYPE_DEVICE; Object 1: handle = 0xa0235400000000cc, type = VK_OBJECT_TYPE_IMAGE_VIEW; | MessageID = 0x71500fba | OBJ ERROR : For VkDevice 0x2b2e0fea710[], VkImageView 0xa0235400000000cc[] has not been destroyed. The Vulkan spec states: All child objects created on device must have been destroyed prior to destroying device (https://vulkan.lunarg.com/doc/view/1.3.250.0/windows/1.3-extensions/vkspec.html#VUID-vkDestroyDevice-device-00378)
[0m[1m[38;2;255;000;000m[error][vk::validation]: Validation Layer: Validation Error: [ VUID-vkDestroyDevice-device-00378 ] Object 0: handle = 0x2b2e0fea710, type = VK_OBJECT_TYPE_DEVICE; Object 1: handle = 0x3307610000000114, type = VK_OBJECT_TYPE_IMAGE_VIEW; | MessageID = 0x71500fba | OBJ ERROR : For VkDevice 0x2b2e0fea710[], VkImageView 0x3307610000000114[] has not been destroyed. The Vulkan spec states: All child objects created on device must have been destroyed prior to destroying device (https://vulkan.lunarg.com/doc/view/1.3.250.0/windows/1.3-extensions/vkspec.html#VUID-vkDestroyDevice-device-00378)
[0m[1m[38;2;255;000;000m[error][vk::validation]: Validation Layer: Validation Error: [ VUID-vkDestroyDevice-device-00378 ] Object 0: handle = 0x2b2e0fea710, type = VK_OBJECT_TYPE_DEVICE; Object 1: handle = 0x9b139800000000b1, type = VK_OBJECT_TYPE_IMAGE_VIEW; | MessageID = 0x71500fba | OBJ ERROR : For VkDevice 0x2b2e0fea710[], VkImageView 0x9b139800000000b1[] has not been destroyed. The Vulkan spec states: All child objects created on device must have been destroyed prior to destroying device (https://vulkan.lunarg.com/doc/view/1.3.250.0/windows/1.3-extensions/vkspec.html#VUID-vkDestroyDevice-device-00378)
[0m[1m[38;2;255;000;000m[error][vk::validation]: Validation Layer: Validation Error: [ VUID-vkDestroyDevice-device-00378 ] Object 0: handle = 0x2b2e0fea710, type = VK_OBJECT_TYPE_DEVICE; Object 1: handle = 0xe9d45100000000a8, type = VK_OBJECT_TYPE_IMAGE_VIEW; | MessageID = 0x71500fba | OBJ ERROR : For VkDevice 0x2b2e0fea710[], VkImageView 0xe9d45100000000a8[] has not been destroyed. The Vulkan spec states: All child objects created on device must have been destroyed prior to destroying device (https://vulkan.lunarg.com/doc/view/1.3.250.0/windows/1.3-extensions/vkspec.html#VUID-vkDestroyDevice-device-00378)
[0m[1m[38;2;255;000;000m[error][vk::validation]: Validation Layer: Validation Error: [ VUID-vkDestroyDevice-device-00378 ] Object 0: handle = 0x2b2e0fea710, type = VK_OBJECT_TYPE_DEVICE; Object 1: handle = 0xa21a4e0000000030, type = VK_OBJECT_TYPE_IMAGE_VIEW; | MessageID = 0x71500fba | OBJ ERROR : For VkDevice 0x2b2e0fea710[], VkImageView 0xa21a4e0000000030[] has not been destroyed. The Vulkan spec states: All child objects created on device must have been destroyed prior to destroying device (https://vulkan.lunarg.com/doc/view/1.3.250.0/windows/1.3-extensions/vkspec.html#VUID-vkDestroyDevice-device-00378)
[0m[1m[38;2;255;000;000m[error][vk::validation]: Validation Layer: Validation Error: [ VUID-vkDestroyDevice-device-00378 ] Object 0: handle = 0x2b2e0fea710, type = VK_OBJECT_TYPE_DEVICE; Object 1: handle = 0x84ad8300000000ba, type = VK_OBJECT_TYPE_IMAGE_VIEW; | MessageID = 0x71500fba | OBJ ERROR : For VkDevice 0x2b2e0fea710[], VkImageView 0x84ad8300000000ba[] has not been destroyed. The Vulkan spec states: All child objects created on device must have been destroyed prior to destroying device (https://vulkan.lunarg.com/doc/view/1.3.250.0/windows/1.3-extensions/vkspec.html#VUID-vkDestroyDevice-device-00378)
[0m[1m[38;2;255;000;000m[error][vk::validation]: Validation Layer: Validation Error: [ VUID-vkDestroyDevice-device-00378 ] Object 0: handle = 0x2b2e0fea710, type = VK_OBJECT_TYPE_DEVICE; Object 1: handle = 0x9636eb000000012f, type = VK_OBJECT_TYPE_IMAGE_VIEW; | MessageID = 0x71500fba | OBJ ERROR : For VkDevice 0x2b2e0fea710[], VkImageView 0x9636eb000000012f[] has not been destroyed. The Vulkan spec states: All child objects created on device must have been destroyed prior to destroying device (https://vulkan.lunarg.com/doc/view/1.3.250.0/windows/1.3-extensions/vkspec.html#VUID-vkDestroyDevice-device-00378)
[0m[1m[38;2;255;000;000m[error][vk::validation]: Validation Layer: Validation Error: [ VUID-vkDestroyDevice-device-00378 ] Object 0: handle = 0x2b2e0fea710, type = VK_OBJECT_TYPE_DEVICE; Object 1: handle = 0x68d91000000000e7, type = VK_OBJECT_TYPE_IMAGE_VIEW; | MessageID = 0x71500fba | OBJ ERROR : For VkDevice 0x2b2e0fea710[], VkImageView 0x68d91000000000e7[] has not been destroyed. The Vulkan spec states: All child objects created on device must have been destroyed prior to destroying device (https://vulkan.lunarg.com/doc/view/1.3.250.0/windows/1.3-extensions/vkspec.html#VUID-vkDestroyDevice-device-00378)
[0m[1m[38;2;255;000;000m[error][vk::validation]: Validation Layer: Validation Error: [ VUID-vkDestroyDevice-device-00378 ] Object 0: handle = 0x2b2e0fea710, type = VK_OBJECT_TYPE_DEVICE; Object 1: handle = 0xdc9e000000000153, type = VK_OBJECT_TYPE_IMAGE_VIEW; | MessageID = 0x71500fba | OBJ ERROR : For VkDevice 0x2b2e0fea710[], VkImageView 0xdc9e000000000153[] has not been destroyed. The Vulkan spec states: All child objects created on device must have been destroyed prior to destroying device (https://vulkan.lunarg.com/doc/view/1.3.250.0/windows/1.3-extensions/vkspec.html#VUID-vkDestroyDevice-device-00378)
[0m[1m[38;2;255;000;000m[error][vk::validation]: Validation Layer: Validation Error: [ VUID-vkDestroyDevice-device-00378 ] Object 0: handle = 0x2b2e0fea710, type = VK_OBJECT_TYPE_DEVICE; Object 1: handle = 0x6d04780000000199, type = VK_OBJECT_TYPE_IMAGE_VIEW; | MessageID = 0x71500fba | OBJ ERROR : For VkDevice 0x2b2e0fea710[], VkImageView 0x6d04780000000199[] has not been destroyed. The Vulkan spec states: All child objects created on device must have been destroyed prior to destroying device (https://vulkan.lunarg.com/doc/view/1.3.250.0/windows/1.3-extensions/vkspec.html#VUID-vkDestroyDevice-device-00378)
[0m[1m[38;2;255;000;000m[error][vk::validation]: Validation Layer: Validation Error: [ VUID-vkDestroyDevice-device-00378 ] Object 0: handle = 0x2b2e0fea710, type = VK_OBJECT_TYPE_DEVICE; Object 1: handle = 0xcee26f000000015c, type = VK_OBJECT_TYPE_IMAGE_VIEW; | MessageID = 0x71500fba | OBJ ERROR : For VkDevice 0x2b2e0fea710[], VkImageView 0xcee26f000000015c[] has not been destroyed. The Vulkan spec states: All child objects created on device must have been destroyed prior to destroying device (https://vulkan.lunarg.com/doc/view/1.3.250.0/windows/1.3-extensions/vkspec.html#VUID-vkDestroyDevice-device-00378)
[0m[1m[38;2;255;000;000m[error][vk::validation]: Validation Layer: Validation Error: [ VUID-vkDestroyDevice-device-00378 ] Object 0: handle = 0x2b2e0fea710, type = VK_OBJECT_TYPE_DEVICE; Object 1: handle = 0x3845ef0000000165, type = VK_OBJECT_TYPE_IMAGE_VIEW; | MessageID = 0x71500fba | OBJ ERROR : For VkDevice 0x2b2e0fea710[], VkImageView 0x3845ef0000000165[] has not been destroyed. The Vulkan spec states: All child objects created on device must have been destroyed prior to destroying device (https://vulkan.lunarg.com/doc/view/1.3.250.0/windows/1.3-extensions/vkspec.html#VUID-vkDestroyDevice-device-00378)
[0m[1m[38;2;255;000;000m[error][vk::validation]: Validation Layer: Validation Error: [ VUID-vkDestroyDevice-device-00378 ] Object 0: handle = 0x2b2e0fea710, type = VK_OBJECT_TYPE_DEVICE; Object 1: handle = 0x20ead5000000010b, type = VK_OBJECT_TYPE_IMAGE_VIEW; | MessageID = 0x71500fba | OBJ ERROR : For VkDevice 0x2b2e0fea710[], VkImageView 0x20ead5000000010b[] has not been destroyed. The Vulkan spec states: All child objects created on device must have been destroyed prior to destroying device (https://vulkan.lunarg.com/doc/view/1.3.250.0/windows/1.3-extensions/vkspec.html#VUID-vkDestroyDevice-device-00378)
[0m[1m[38;2;255;000;000m[error][vk::validation]: Validation Layer: Validation Error: [ VUID-vkDestroyDevice-device-00378 ] Object 0: handle = 0x2b2e0fea710, type = VK_OBJECT_TYPE_DEVICE; Object 1: handle = 0x7e6d0700000000f0, type = VK_OBJECT_TYPE_IMAGE_VIEW; | MessageID = 0x71500fba | OBJ ERROR : For VkDevice 0x2b2e0fea710[], VkImageView 0x7e6d0700000000f0[] has not been destroyed. The Vulkan spec states: All child objects created on device must have been destroyed prior to destroying device (https://vulkan.lunarg.com/doc/view/1.3.250.0/windows/1.3-extensions/vkspec.html#VUID-vkDestroyDevice-device-00378)
[0m[1m[38;2;255;000;000m[error][vk::validation]: Validation Layer: Validation Error: [ VUID-vkDestroyDevice-device-00378 ] Object 0: handle = 0x2b2e0fea710, type = VK_OBJECT_TYPE_DEVICE; Object 1: handle = 0x2bfe4c000000016e, type = VK_OBJECT_TYPE_IMAGE_VIEW; | MessageID = 0x71500fba | OBJ ERROR : For VkDevice 0x2b2e0fea710[], VkImageView 0x2bfe4c000000016e[] has not been destroyed. The Vulkan spec states: All child objects created on device must have been destroyed prior to destroying device (https://vulkan.lunarg.com/doc/view/1.3.250.0/windows/1.3-extensions/vkspec.html#VUID-vkDestroyDevice-device-00378)
[0m[1m[38;2;255;000;000m[error][vk::validation]: Validation Layer: Validation Error: [ VUID-vkDestroyDevice-device-00378 ] Object 0: handle = 0x2b2e0fea710, type = VK_OBJECT_TYPE_DEVICE; Object 1: handle = 0xbd60bd0000000076, type = VK_OBJECT_TYPE_PIPELINE_LAYOUT; | MessageID = 0x71500fba | OBJ ERROR : For VkDevice 0x2b2e0fea710[], VkPipelineLayout 0xbd60bd0000000076[] has not been destroyed. The Vulkan spec states: All child objects created on device must have been destroyed prior to destroying device (https://vulkan.lunarg.com/doc/view/1.3.250.0/windows/1.3-extensions/vkspec.html#VUID-vkDestroyDevice-device-00378)
[0m[1m[38;2;255;000;000m[error][vk::validation]: Validation Layer: Validation Error: [ VUID-vkDestroyDevice-device-00378 ] Object 0: handle = 0x2b2e0fea710, type = VK_OBJECT_TYPE_DEVICE; Object 1: handle = 0x6eea0c0000000185, type = VK_OBJECT_TYPE_PIPELINE_LAYOUT; | MessageID = 0x71500fba | OBJ ERROR : For VkDevice 0x2b2e0fea710[], VkPipelineLayout 0x6eea0c0000000185[] has not been destroyed. The Vulkan spec states: All child objects created on device must have been destroyed prior to destroying device (https://vulkan.lunarg.com/doc/view/1.3.250.0/windows/1.3-extensions/vkspec.html#VUID-vkDestroyDevice-device-00378)
[0m[1m[38;2;255;000;000m[error][vk::validation]: Validation Layer: Validation Error: [ VUID-vkDestroyDevice-device-00378 ] Object 0: handle = 0x2b2e0fea710, type = VK_OBJECT_TYPE_DEVICE; Object 1: handle = 0x5011aa0000000066, type = VK_OBJECT_TYPE_PIPELINE_LAYOUT; | MessageID = 0x71500fba | OBJ ERROR : For VkDevice 0x2b2e0fea710[], VkPipelineLayout 0x5011aa0000000066[] has not been destroyed. The Vulkan spec states: All child objects created on device must have been destroyed prior to destroying device (https://vulkan.lunarg.com/doc/view/1.3.250.0/windows/1.3-extensions/vkspec.html#VUID-vkDestroyDevice-device-00378)
[0m[1m[38;2;255;000;000m[error][vk::validation]: Validation Layer: Validation Error: [ VUID-vkDestroyDevice-device-00378 ] Object 0: handle = 0x2b2e0fea710, type = VK_OBJECT_TYPE_DEVICE; Object 1: handle = 0x665f880000000189, type = VK_OBJECT_TYPE_PIPELINE_LAYOUT; | MessageID = 0x71500fba | OBJ ERROR : For VkDevice 0x2b2e0fea710[], VkPipelineLayout 0x665f880000000189[] has not been destroyed. The Vulkan spec states: All child objects created on device must have been destroyed prior to destroying device (https://vulkan.lunarg.com/doc/view/1.3.250.0/windows/1.3-extensions/vkspec.html#VUID-vkDestroyDevice-device-00378)
[0m[1m[38;2;255;000;000m[error][vk::validation]: Validation Layer: Validation Error: [ VUID-vkDestroyDevice-device-00378 ] Object 0: handle = 0x2b2e0fea710, type = VK_OBJECT_TYPE_DEVICE; Object 1: handle = 0x7efb46000000018f, type = VK_OBJECT_TYPE_PIPELINE_LAYOUT; | MessageID = 0x71500fba | OBJ ERROR : For VkDevice 0x2b2e0fea710[], VkPipelineLayout 0x7efb46000000018f[] has not been destroyed. The Vulkan spec states: All child objects created on device must have been destroyed prior to destroying device (https://vulkan.lunarg.com/doc/view/1.3.250.0/windows/1.3-extensions/vkspec.html#VUID-vkDestroyDevice-device-00378)
[0m[1m[38;2;255;000;000m[error][vk::validation]: Validation Layer: Validation Error: [ VUID-vkDestroyDevice-device-00378 ] Object 0: handle = 0x2b2e0fea710, type = VK_OBJECT_TYPE_DEVICE; Object 1: handle = 0xb4ae2e000000007d, type = VK_OBJECT_TYPE_PIPELINE_LAYOUT; | MessageID = 0x71500fba | OBJ ERROR : For VkDevice 0x2b2e0fea710[], VkPipelineLayout 0xb4ae2e000000007d[] has not been destroyed. The Vulkan spec states: All child objects created on device must have been destroyed prior to destroying device (https://vulkan.lunarg.com/doc/view/1.3.250.0/windows/1.3-extensions/vkspec.html#VUID-vkDestroyDevice-device-00378)
[0m[1m[38;2;255;000;000m[error][vk::validation]: Validation Layer: Validation Error: [ VUID-vkDestroyDevice-device-00378 ] Object 0: handle = 0x2b2e0fea710, type = VK_OBJECT_TYPE_DEVICE; Object 1: handle = 0x8f1c31000000006d, type = VK_OBJECT_TYPE_PIPELINE_LAYOUT; | MessageID = 0x71500fba | OBJ ERROR : For VkDevice 0x2b2e0fea710[], VkPipelineLayout 0x8f1c31000000006d[] has not been destroyed. The Vulkan spec states: All child objects created on device must have been destroyed prior to destroying device (https://vulkan.lunarg.com/doc/view/1.3.250.0/windows/1.3-extensions/vkspec.html#VUID-vkDestroyDevice-device-00378)
[0m[1m[38;2;255;000;000m[error][vk::validation]: Validation Layer: Validation Error: [ VUID-vkDestroyDevice-device-00378 ] Object 0: handle = 0x2b2e0fea710, type = VK_OBJECT_TYPE_DEVICE; Object 1: handle = 0x76e2ab000000018a, type = VK_OBJECT_TYPE_PIPELINE; | MessageID = 0x71500fba | OBJ ERROR : For VkDevice 0x2b2e0fea710[], VkPipeline 0x76e2ab000000018a[] has not been destroyed. The Vulkan spec states: All child objects created on device must have been destroyed prior to destroying device (https://vulkan.lunarg.com/doc/view/1.3.250.0/windows/1.3-extensions/vkspec.html#VUID-vkDestroyDevice-device-00378)
[0m[1m[38;2;255;000;000m[error][vk::validation]: Validation Layer: Validation Error: [ VUID-vkDestroyDevice-device-00378 ] Object 0: handle = 0x2b2e0fea710, type = VK_OBJECT_TYPE_DEVICE; Object 1: handle = 0x7d60e10000000190, type = VK_OBJECT_TYPE_PIPELINE; | MessageID = 0x71500fba | OBJ ERROR : For VkDevice 0x2b2e0fea710[], VkPipeline 0x7d60e10000000190[] has not been destroyed. The Vulkan spec states: All child objects created on device must have been destroyed prior to destroying device (https://vulkan.lunarg.com/doc/view/1.3.250.0/windows/1.3-extensions/vkspec.html#VUID-vkDestroyDevice-device-00378)
[0m[1m[38;2;255;000;000m[error][vk::validation]: Validation Layer: Validation Error: [ VUID-vkDestroyDevice-device-00378 ] Object 0: handle = 0x2b2e0fea710, type = VK_OBJECT_TYPE_DEVICE; Object 1: handle = 0x6c71370000000186, type = VK_OBJECT_TYPE_PIPELINE; | MessageID = 0x71500fba | OBJ ERROR : For VkDevice 0x2b2e0fea710[], VkPipeline 0x6c71370000000186[] has not been destroyed. The Vulkan spec states: All child objects created on device must have been destroyed prior to destroying device (https://vulkan.lunarg.com/doc/view/1.3.250.0/windows/1.3-extensions/vkspec.html#VUID-vkDestroyDevice-device-00378)
[0m[1m[38;2;255;000;000m[error][vk::validation]: Validation Layer: Validation Error: [ VUID-vkDestroyDevice-device-00378 ] Object 0: handle = 0x2b2e0fea710, type = VK_OBJECT_TYPE_DEVICE; Object 1: handle = 0x59f7450000000038, type = VK_OBJECT_TYPE_RENDER_PASS; | MessageID = 0x71500fba | OBJ ERROR : For VkDevice 0x2b2e0fea710[], VkRenderPass 0x59f7450000000038[] has not been destroyed. The Vulkan spec states: All child objects created on device must have been destroyed prior to destroying device (https://vulkan.lunarg.com/doc/view/1.3.250.0/windows/1.3-extensions/vkspec.html#VUID-vkDestroyDevice-device-00378)
[0m[1m[38;2;255;000;000m[error][vk::validation]: Validation Layer: Validation Error: [ VUID-vkDestroyDevice-device-00378 ] Object 0: handle = 0x2b2e0fea710, type = VK_OBJECT_TYPE_DEVICE; Object 1: handle = 0x56c9bd0000000040, type = VK_OBJECT_TYPE_RENDER_PASS; | MessageID = 0x71500fba | OBJ ERROR : For VkDevice 0x2b2e0fea710[], VkRenderPass 0x56c9bd0000000040[] has not been destroyed. The Vulkan spec states: All child objects created on device must have been destroyed prior to destroying device (https://vulkan.lunarg.com/doc/view/1.3.250.0/windows/1.3-extensions/vkspec.html#VUID-vkDestroyDevice-device-00378)
[0m[1m[38;2;255;000;000m[error][vk::validation]: Validation Layer: Validation Error: [ VUID-vkDestroyDevice-device-00378 ] Object 0: handle = 0x2b2e0fea710, type = VK_OBJECT_TYPE_DEVICE; Object 1: handle = 0x4479900000000181, type = VK_OBJECT_TYPE_DESCRIPTOR_SET_LAYOUT; | MessageID = 0x71500fba | OBJ ERROR : For VkDevice 0x2b2e0fea710[], VkDescriptorSetLayout 0x4479900000000181[] has not been destroyed. The Vulkan spec states: All child objects created on device must have been destroyed prior to destroying device (https://vulkan.lunarg.com/doc/view/1.3.250.0/windows/1.3-extensions/vkspec.html#VUID-vkDestroyDevice-device-00378)
[0m[1m[38;2;255;000;000m[error][vk::validation]: Validation Layer: Validation Error: [ VUID-vkDestroyDevice-device-00378 ] Object 0: handle = 0x2b2e0fea710, type = VK_OBJECT_TYPE_DEVICE; Object 1: handle = 0x3a6cbb0000000025, type = VK_OBJECT_TYPE_SAMPLER; | MessageID = 0x71500fba | OBJ ERROR : For VkDevice 0x2b2e0fea710[], VkSampler 0x3a6cbb0000000025[] has not been destroyed. The Vulkan spec states: All child objects created on device must have been destroyed prior to destroying device (https://vulkan.lunarg.com/doc/view/1.3.250.0/windows/1.3-extensions/vkspec.html#VUID-vkDestroyDevice-device-00378)
[0m[1m[38;2;255;000;000m[error][vk::validation]: Validation Layer: Validation Error: [ VUID-vkDestroyDevice-device-00378 ] Object 0: handle = 0x2b2e0fea710, type = VK_OBJECT_TYPE_DEVICE; Object 1: handle = 0xb527dd00000000cd, type = VK_OBJECT_TYPE_SAMPLER; | MessageID = 0x71500fba | OBJ ERROR : For VkDevice 0x2b2e0fea710[], VkSampler 0xb527dd00000000cd[] has not been destroyed. The Vulkan spec states: All child objects created on device must have been destroyed prior to destroying device (https://vulkan.lunarg.com/doc/view/1.3.250.0/windows/1.3-extensions/vkspec.html#VUID-vkDestroyDevice-device-00378)
[0m[1m[38;2;255;000;000m[error][vk::validation]: Validation Layer: Validation Error: [ VUID-vkDestroyDevice-device-00378 ] Object 0: handle = 0x2b2e0fea710, type = VK_OBJECT_TYPE_DEVICE; Object 1: handle = 0xd3dd54000000008e, type = VK_OBJECT_TYPE_SAMPLER; | MessageID = 0x71500fba | OBJ ERROR : For VkDevice 0x2b2e0fea710[], VkSampler 0xd3dd54000000008e[] has not been destroyed. The Vulkan spec states: All child objects created on device must have been destroyed prior to destroying device (https://vulkan.lunarg.com/doc/view/1.3.250.0/windows/1.3-extensions/vkspec.html#VUID-vkDestroyDevice-device-00378)
[0m[1m[38;2;255;000;000m[error][vk::validation]: Validation Layer: Validation Error: [ VUID-vkDestroyDevice-device-00378 ] Object 0: handle = 0x2b2e0fea710, type = VK_OBJECT_TYPE_DEVICE; Object 1: handle = 0x695c5c00000000fa, type = VK_OBJECT_TYPE_SAMPLER; | MessageID = 0x71500fba | OBJ ERROR : For VkDevice 0x2b2e0fea710[], VkSampler 0x695c5c00000000fa[] has not been destroyed. The Vulkan spec states: All child objects created on device must have been destroyed prior to destroying device (https://vulkan.lunarg.com/doc/view/1.3.250.0/windows/1.3-extensions/vkspec.html#VUID-vkDestroyDevice-device-00378)
[0m[1m[38;2;255;000;000m[error][vk::validation]: Validation Layer: Validation Error: [ VUID-vkDestroyDevice-device-00378 ] Object 0: handle = 0x2b2e0fea710, type = VK_OBJECT_TYPE_DEVICE; Object 1: handle = 0xe150c50000000097, type = VK_OBJECT_TYPE_SAMPLER; | MessageID = 0x71500fba | OBJ ERROR : For VkDevice 0x2b2e0fea710[], VkSampler 0xe150c50000000097[] has not been destroyed. The Vulkan spec states: All child objects created on device must have been destroyed prior to destroying device (https://vulkan.lunarg.com/doc/view/1.3.250.0/windows/1.3-extensions/vkspec.html#VUID-vkDestroyDevice-device-00378)
[0m[1m[38;2;255;000;000m[error][vk::validation]: Validation Layer: Validation Error: [ VUID-vkDestroyDevice-device-00378 ] Object 0: handle = 0x2b2e0fea710, type = VK_OBJECT_TYPE_DEVICE; Object 1: handle = 0x7bb5800000000191, type = VK_OBJECT_TYPE_SAMPLER; | MessageID = 0x71500fba | OBJ ERROR : For VkDevice 0x2b2e0fea710[], VkSampler 0x7bb5800000000191[] has not been destroyed. The Vulkan spec states: All child objects created on device must have been destroyed prior to destroying device (https://vulkan.lunarg.com/doc/view/1.3.250.0/windows/1.3-extensions/vkspec.html#VUID-vkDestroyDevice-device-00378)
[0m[1m[38;2;255;000;000m[error][vk::validation]: Validation Layer: Validation Error: [ VUID-vkDestroyDevice-device-00378 ] Object 0: handle = 0x2b2e0fea710, type = VK_OBJECT_TYPE_DEVICE; Object 1: handle = 0x2e2941000000001f, type = VK_OBJECT_TYPE_SAMPLER; | MessageID = 0x71500fba | OBJ ERROR : For VkDevice 0x2b2e0fea710[], VkSampler 0x2e2941000000001f[] has not been destroyed. The Vulkan spec states: All child objects created on device must have been destroyed prior to destroying device (https://vulkan.lunarg.com/doc/view/1.3.250.0/windows/1.3-extensions/vkspec.html#VUID-vkDestroyDevice-device-00378)
[0m[1m[38;2;255;000;000m[error][vk::validation]: Validation Layer: Validation Error: [ VUID-vkDestroyDevice-device-00378 ] Object 0: handle = 0x2b2e0fea710, type = VK_OBJECT_TYPE_DEVICE; Object 1: handle = 0x175b440000000130, type = VK_OBJECT_TYPE_SAMPLER; | MessageID = 0x71500fba | OBJ ERROR : For VkDevice 0x2b2e0fea710[], VkSampler 0x175b440000000130[] has not been destroyed. The Vulkan spec states: All child objects created on device must have been destroyed prior to destroying device (https://vulkan.lunarg.com/doc/view/1.3.250.0/windows/1.3-extensions/vkspec.html#VUID-vkDestroyDevice-device-00378)
[0m[1m[38;2;255;000;000m[error][vk::validation]: Validation Layer: Validation Error: [ VUID-vkDestroyDevice-device-00378 ] Object 0: handle = 0x2b2e0fea710, type = VK_OBJECT_TYPE_DEVICE; Object 1: handle = 0x1dc49b00000000b2, type = VK_OBJECT_TYPE_SAMPLER; | MessageID = 0x71500fba | OBJ ERROR : For VkDevice 0x2b2e0fea710[], VkSampler 0x1dc49b00000000b2[] has not been destroyed. The Vulkan spec states: All child objects created on device must have been destroyed prior to destroying device (https://vulkan.lunarg.com/doc/view/1.3.250.0/windows/1.3-extensions/vkspec.html#VUID-vkDestroyDevice-device-00378)
[0m[1m[38;2;255;000;000m[error][vk::validation]: Validation Layer: Validation Error: [ VUID-vkDestroyDevice-device-00378 ] Object 0: handle = 0x2b2e0fea710, type = VK_OBJECT_TYPE_DEVICE; Object 1: handle = 0x84341f00000000e8, type = VK_OBJECT_TYPE_SAMPLER; | MessageID = 0x71500fba | OBJ ERROR : For VkDevice 0x2b2e0fea710[], VkSampler 0x84341f00000000e8[] has not been destroyed. The Vulkan spec states: All child objects created on device must have been destroyed prior to destroying device (https://vulkan.lunarg.com/doc/view/1.3.250.0/windows/1.3-extensions/vkspec.html#VUID-vkDestroyDevice-device-00378)
[0m[1m[38;2;255;000;000m[error][vk::validation]: Validation Layer: Validation Error: [ VUID-vkDestroyDevice-device-00378 ] Object 0: handle = 0x2b2e0fea710, type = VK_OBJECT_TYPE_DEVICE; Object 1: handle = 0x7ac9de00000000f1, type = VK_OBJECT_TYPE_SAMPLER; | MessageID = 0x71500fba | OBJ ERROR : For VkDevice 0x2b2e0fea710[], VkSampler 0x7ac9de00000000f1[] has not been destroyed. The Vulkan spec states: All child objects created on device must have been destroyed prior to destroying device (https://vulkan.lunarg.com/doc/view/1.3.250.0/windows/1.3-extensions/vkspec.html#VUID-vkDestroyDevice-device-00378)
[0m[1m[38;2;255;000;000m[error][vk::validation]: Validation Layer: Validation Error: [ VUID-vkDestroyDevice-device-00378 ] Object 0: handle = 0x2b2e0fea710, type = VK_OBJECT_TYPE_DEVICE; Object 1: handle = 0xa952a5000000016f, type = VK_OBJECT_TYPE_SAMPLER; | MessageID = 0x71500fba | OBJ ERROR : For VkDevice 0x2b2e0fea710[], VkSampler 0xa952a5000000016f[] has not been destroyed. The Vulkan spec states: All child objects created on device must have been destroyed prior to destroying device (https://vulkan.lunarg.com/doc/view/1.3.250.0/windows/1.3-extensions/vkspec.html#VUID-vkDestroyDevice-device-00378)
[0m[1m[38;2;255;000;000m[error][vk::validation]: Validation Layer: Validation Error: [ VUID-vkDestroyDevice-device-00378 ] Object 0: handle = 0x2b2e0fea710, type = VK_OBJECT_TYPE_DEVICE; Object 1: handle = 0xd22318000000014b, type = VK_OBJECT_TYPE_SAMPLER; | MessageID = 0x71500fba | OBJ ERROR : For VkDevice 0x2b2e0fea710[], VkSampler 0xd22318000000014b[] has not been destroyed. The Vulkan spec states: All child objects created on device must have been destroyed prior to destroying device (https://vulkan.lunarg.com/doc/view/1.3.250.0/windows/1.3-extensions/vkspec.html#VUID-vkDestroyDevice-device-00378)
[0m[1m[38;2;255;000;000m[error][vk::validation]: Validation Layer: Validation Error: [ VUID-vkDestroyDevice-device-00378 ] Object 0: handle = 0x2b2e0fea710, type = VK_OBJECT_TYPE_DEVICE; Object 1: handle = 0x808562000000003f, type = VK_OBJECT_TYPE_SAMPLER; | MessageID = 0x71500fba | OBJ ERROR : For VkDevice 0x2b2e0fea710[], VkSampler 0x808562000000003f[] has not been destroyed. The Vulkan spec states: All child objects created on device must have been destroyed prior to destroying device (https://vulkan.lunarg.com/doc/view/1.3.250.0/windows/1.3-extensions/vkspec.html#VUID-vkDestroyDevice-device-00378)
[0m[1m[38;2;255;000;000m[error][vk::validation]: Validation Layer: Validation Error: [ VUID-vkDestroyDevice-device-00378 ] Object 0: handle = 0x2b2e0fea710, type = VK_OBJECT_TYPE_DEVICE; Object 1: handle = 0x590d20000000127, type = VK_OBJECT_TYPE_SAMPLER; | MessageID = 0x71500fba | OBJ ERROR : For VkDevice 0x2b2e0fea710[], VkSampler 0x590d20000000127[] has not been destroyed. The Vulkan spec states: All child objects created on device must have been destroyed prior to destroying device (https://vulkan.lunarg.com/doc/view/1.3.250.0/windows/1.3-extensions/vkspec.html#VUID-vkDestroyDevice-device-00378)
[0m[1m[38;2;255;000;000m[error][vk::validation]: Validation Layer: Validation Error: [ VUID-vkDestroyDevice-device-00378 ] Object 0: handle = 0x2b2e0fea710, type = VK_OBJECT_TYPE_DEVICE; Object 1: handle = 0xbf15540000000166, type = VK_OBJECT_TYPE_SAMPLER; | MessageID = 0x71500fba | OBJ ERROR : For VkDevice 0x2b2e0fea710[], VkSampler 0xbf15540000000166[] has not been destroyed. The Vulkan spec states: All child objects created on device must have been destroyed prior to destroying device (https://vulkan.lunarg.com/doc/view/1.3.250.0/windows/1.3-extensions/vkspec.html#VUID-vkDestroyDevice-device-00378)
[0m[1m[38;2;255;000;000m[error][vk::validation]: Validation Layer: Validation Error: [ VUID-vkDestroyDevice-device-00378 ] Object 0: handle = 0x2b2e0fea710, type = VK_OBJECT_TYPE_DEVICE; Object 1: handle = 0x32749b000000011e, type = VK_OBJECT_TYPE_SAMPLER; | MessageID = 0x71500fba | OBJ ERROR : For VkDevice 0x2b2e0fea710[], VkSampler 0x32749b000000011e[] has not been destroyed. The Vulkan spec states: All child objects created on device must have been destroyed prior to destroying device (https://vulkan.lunarg.com/doc/view/1.3.250.0/windows/1.3-extensions/vkspec.html#VUID-vkDestroyDevice-device-00378)
[0m[1m[38;2;255;000;000m[error][vk::validation]: Validation Layer: Validation Error: [ VUID-vkDestroyDevice-device-00378 ] Object 0: handle = 0x2b2e0fea710, type = VK_OBJECT_TYPE_DEVICE; Object 1: handle = 0xa1c5270000000154, type = VK_OBJECT_TYPE_SAMPLER; | MessageID = 0x71500fba | OBJ ERROR : For VkDevice 0x2b2e0fea710[], VkSampler 0xa1c5270000000154[] has not been destroyed. The Vulkan spec states: All child objects created on device must have been destroyed prior to destroying device (https://vulkan.lunarg.com/doc/view/1.3.250.0/windows/1.3-extensions/vkspec.html#VUID-vkDestroyDevice-device-00378)
[0m[1m[38;2;255;000;000m[error][vk::validation]: Validation Layer: Validation Error: [ VUID-vkDestroyDevice-device-00378 ] Object 0: handle = 0x2b2e0fea710, type = VK_OBJECT_TYPE_DEVICE; Object 1: handle = 0x20fb800000000115, type = VK_OBJECT_TYPE_SAMPLER; | MessageID = 0x71500fba | OBJ ERROR : For VkDevice 0x2b2e0fea710[], VkSampler 0x20fb800000000115[] has not been destroyed. The Vulkan spec states: All child objects created on device must have been destroyed prior to destroying device (https://vulkan.lunarg.com/doc/view/1.3.250.0/windows/1.3-extensions/vkspec.html#VUID-vkDestroyDevice-device-00378)
[0m[1m[38;2;255;000;000m[error][vk::validation]: Validation Layer: Validation Error: [ VUID-vkDestroyDevice-device-00378 ] Object 0: handle = 0x2b2e0fea710, type = VK_OBJECT_TYPE_DEVICE; Object 1: handle = 0x72303f0000000052, type = VK_OBJECT_TYPE_SAMPLER; | MessageID = 0x71500fba | OBJ ERROR : For VkDevice 0x2b2e0fea710[], VkSampler 0x72303f0000000052[] has not been destroyed. The Vulkan spec states: All child objects created on device must have been destroyed prior to destroying device (https://vulkan.lunarg.com/doc/view/1.3.250.0/windows/1.3-extensions/vkspec.html#VUID-vkDestroyDevice-device-00378)
[0m[1m[38;2;255;000;000m[error][vk::validation]: Validation Layer: Validation Error: [ VUID-vkDestroyDevice-device-00378 ] Object 0: handle = 0x2b2e0fea710, type = VK_OBJECT_TYPE_DEVICE; Object 1: handle = 0xa7cc1e00000000d6, type = VK_OBJECT_TYPE_SAMPLER; | MessageID = 0x71500fba | OBJ ERROR : For VkDevice 0x2b2e0fea710[], VkSampler 0xa7cc1e00000000d6[] has not been destroyed. The Vulkan spec states: All child objects created on device must have been destroyed prior to destroying device (https://vulkan.lunarg.com/doc/view/1.3.250.0/windows/1.3-extensions/vkspec.html#VUID-vkDestroyDevice-device-00378)
[0m[1m[38;2;255;000;000m[error][vk::validation]: Validation Layer: Validation Error: [ VUID-vkDestroyDevice-device-00378 ] Object 0: handle = 0x2b2e0fea710, type = VK_OBJECT_TYPE_DEVICE; Object 1: handle = 0x5bef8a0000000178, type = VK_OBJECT_TYPE_SAMPLER; | MessageID = 0x71500fba | OBJ ERROR : For VkDevice 0x2b2e0fea710[], VkSampler 0x5bef8a0000000178[] has not been destroyed. The Vulkan spec states: All child objects created on device must have been destroyed prior to destroying device (https://vulkan.lunarg.com/doc/view/1.3.250.0/windows/1.3-extensions/vkspec.html#VUID-vkDestroyDevice-device-00378)
[0m[1m[38;2;255;000;000m[error][vk::validation]: Validation Layer: Validation Error: [ VUID-vkDestroyDevice-device-00378 ] Object 0: handle = 0x2b2e0fea710, type = VK_OBJECT_TYPE_DEVICE; Object 1: handle = 0xc48f160000000142, type = VK_OBJECT_TYPE_SAMPLER; | MessageID = 0x71500fba | OBJ ERROR : For VkDevice 0x2b2e0fea710[], VkSampler 0xc48f160000000142[] has not been destroyed. The Vulkan spec states: All child objects created on device must have been destroyed prior to destroying device (https://vulkan.lunarg.com/doc/view/1.3.250.0/windows/1.3-extensions/vkspec.html#VUID-vkDestroyDevice-device-00378)
[0m[1m[38;2;255;000;000m[error][vk::validation]: Validation Layer: Validation Error: [ VUID-vkDestroyDevice-device-00378 ] Object 0: handle = 0x2b2e0fea710, type = VK_OBJECT_TYPE_DEVICE; Object 1: handle = 0xf799000000000a9, type = VK_OBJECT_TYPE_SAMPLER; | MessageID = 0x71500fba | OBJ ERROR : For VkDevice 0x2b2e0fea710[], VkSampler 0xf799000000000a9[] has not been destroyed. The Vulkan spec states: All child objects created on device must have been destroyed prior to destroying device (https://vulkan.lunarg.com/doc/view/1.3.250.0/windows/1.3-extensions/vkspec.html#VUID-vkDestroyDevice-device-00378)
[0m[1m[38;2;255;000;000m[error][vk::validation]: Validation Layer: Validation Error: [ VUID-vkDestroyDevice-device-00378 ] Object 0: handle = 0x2b2e0fea710, type = VK_OBJECT_TYPE_DEVICE; Object 1: handle = 0x3a9c5c00000000c4, type = VK_OBJECT_TYPE_SAMPLER; | MessageID = 0x71500fba | OBJ ERROR : For VkDevice 0x2b2e0fea710[], VkSampler 0x3a9c5c00000000c4[] has not been destroyed. The Vulkan spec states: All child objects created on device must have been destroyed prior to destroying device (https://vulkan.lunarg.com/doc/view/1.3.250.0/windows/1.3-extensions/vkspec.html#VUID-vkDestroyDevice-device-00378)
[0m[1m[38;2;255;000;000m[error][vk::validation]: Validation Layer: Validation Error: [ VUID-vkDestroyDevice-device-00378 ] Object 0: handle = 0x2b2e0fea710, type = VK_OBJECT_TYPE_DEVICE; Object 1: handle = 0xf6d9250000000139, type = VK_OBJECT_TYPE_SAMPLER; | MessageID = 0x71500fba | OBJ ERROR : For VkDevice 0x2b2e0fea710[], VkSampler 0xf6d9250000000139[] has not been destroyed. The Vulkan spec states: All child objects created on device must have been destroyed prior to destroying device (https://vulkan.lunarg.com/doc/view/1.3.250.0/windows/1.3-extensions/vkspec.html#VUID-vkDestroyDevice-device-00378)
[0m[1m[38;2;255;000;000m[error][vk::validation]: Validation Layer: Validation Error: [ VUID-vkDestroyDevice-device-00378 ] Object 0: handle = 0x2b2e0fea710, type = VK_OBJECT_TYPE_DEVICE; Object 1: handle = 0x5f00dd0000000103, type = VK_OBJECT_TYPE_SAMPLER; | MessageID = 0x71500fba | OBJ ERROR : For VkDevice 0x2b2e0fea710[], VkSampler 0x5f00dd0000000103[] has not been destroyed. The Vulkan spec states: All child objects created on device must have been destroyed prior to destroying device (https://vulkan.lunarg.com/doc/view/1.3.250.0/windows/1.3-extensions/vkspec.html#VUID-vkDestroyDevice-device-00378)
[0m[1m[38;2;255;000;000m[error][vk::validation]: Validation Layer: Validation Error: [ VUID-vkDestroyDevice-device-00378 ] Object 0: handle = 0x2b2e0fea710, type = VK_OBJECT_TYPE_DEVICE; Object 1: handle = 0x4d6d9a000000010c, type = VK_OBJECT_TYPE_SAMPLER; | MessageID = 0x71500fba | OBJ ERROR : For VkDevice 0x2b2e0fea710[], VkSampler 0x4d6d9a000000010c[] has not been destroyed. The Vulkan spec states: All child objects created on device must have been destroyed prior to destroying device (https://vulkan.lunarg.com/doc/view/1.3.250.0/windows/1.3-extensions/vkspec.html#VUID-vkDestroyDevice-device-00378)
[0m[1m[38;2;255;000;000m[error][vk::validation]: Validation Layer: Validation Error: [ VUID-vkDestroyDevice-device-00378 ] Object 0: handle = 0x2b2e0fea710, type = VK_OBJECT_TYPE_DEVICE; Object 1: handle = 0x8cc1d80000000045, type = VK_OBJECT_TYPE_SAMPLER; | MessageID = 0x71500fba | OBJ ERROR : For VkDevice 0x2b2e0fea710[], VkSampler 0x8cc1d80000000045[] has not been destroyed. The Vulkan spec states: All child objects created on device must have been destroyed prior to destroying device (https://vulkan.lunarg.com/doc/view/1.3.250.0/windows/1.3-extensions/vkspec.html#VUID-vkDestroyDevice-device-00378)
[0m[1m[38;2;255;000;000m[error][vk::validation]: Validation Layer: Validation Error: [ VUID-vkDestroyDevice-device-00378 ] Object 0: handle = 0x2b2e0fea710, type = VK_OBJECT_TYPE_DEVICE; Object 1: handle = 0x8eafd6000000015d, type = VK_OBJECT_TYPE_SAMPLER; | MessageID = 0x71500fba | OBJ ERROR : For VkDevice 0x2b2e0fea710[], VkSampler 0x8eafd6000000015d[] has not been destroyed. The Vulkan spec states: All child objects created on device must have been destroyed prior to destroying device (https://vulkan.lunarg.com/doc/view/1.3.250.0/windows/1.3-extensions/vkspec.html#VUID-vkDestroyDevice-device-00378)
[0m[1m[38;2;255;000;000m[error][vk::validation]: Validation Layer: Validation Error: [ VUID-vkDestroyDevice-device-00378 ] Object 0: handle = 0x2b2e0fea710, type = VK_OBJECT_TYPE_DEVICE; Object 1: handle = 0x91b01800000000df, type = VK_OBJECT_TYPE_SAMPLER; | MessageID = 0x71500fba | OBJ ERROR : For VkDevice 0x2b2e0fea710[], VkSampler 0x91b01800000000df[] has not been destroyed. The Vulkan spec states: All child objects created on device must have been destroyed prior to destroying device (https://vulkan.lunarg.com/doc/view/1.3.250.0/windows/1.3-extensions/vkspec.html#VUID-vkDestroyDevice-device-00378)
[0m[1m[38;2;255;000;000m[error][vk::validation]: Validation Layer: Validation Error: [ VUID-vkDestroyDevice-device-00378 ] Object 0: handle = 0x2b2e0fea710, type = VK_OBJECT_TYPE_DEVICE; Object 1: handle = 0xfef35a00000000a0, type = VK_OBJECT_TYPE_SAMPLER; | MessageID = 0x71500fba | OBJ ERROR : For VkDevice 0x2b2e0fea710[], VkSampler 0xfef35a00000000a0[] has not been destroyed. The Vulkan spec states: All child objects created on device must have been destroyed prior to destroying device (https://vulkan.lunarg.com/doc/view/1.3.250.0/windows/1.3-extensions/vkspec.html#VUID-vkDestroyDevice-device-00378)
[0m[1m[38;2;255;000;000m[error][vk::validation]: Validation Layer: Validation Error: [ VUID-vkDestroyDevice-device-00378 ] Object 0: handle = 0x2b2e0fea710, type = VK_OBJECT_TYPE_DEVICE; Object 1: handle = 0x2860e200000000bb, type = VK_OBJECT_TYPE_SAMPLER; | MessageID = 0x71500fba | OBJ ERROR : For VkDevice 0x2b2e0fea710[], VkSampler 0x2860e200000000bb[] has not been destroyed. The Vulkan spec states: All child objects created on device must have been destroyed prior to destroying device (https://vulkan.lunarg.com/doc/view/1.3.250.0/windows/1.3-extensions/vkspec.html#VUID-vkDestroyDevice-device-00378)
[0m[1m[38;2;255;000;000m[error][vk::validation]: Validation Layer: Validation Error: [ VUID-vkDestroyDevice-device-00378 ] Object 0: handle = 0x2b2e0fea710, type = VK_OBJECT_TYPE_DEVICE; Object 1: handle = 0x6a4fbb000000019a, type = VK_OBJECT_TYPE_DESCRIPTOR_SET; | MessageID = 0x71500fba | OBJ ERROR : For VkDevice 0x2b2e0fea710[], VkDescriptorSet 0x6a4fbb000000019a[] has not been destroyed. The Vulkan spec states: All child objects created on device must have been destroyed prior to destroying device (https://vulkan.lunarg.com/doc/view/1.3.250.0/windows/1.3-extensions/vkspec.html#VUID-vkDestroyDevice-device-00378)
[0m[1m[38;2;255;000;000m[error][vk::validation]: Validation Layer: Validation Error: [ VUID-vkDestroyDevice-device-00378 ] Object 0: handle = 0x2b2e0fea710, type = VK_OBJECT_TYPE_DEVICE; Object 1: handle = 0x6bdcd30000000182, type = VK_OBJECT_TYPE_DESCRIPTOR_SET; | MessageID = 0x71500fba | OBJ ERROR : For VkDevice 0x2b2e0fea710[], VkDescriptorSet 0x6bdcd30000000182[] has not been destroyed. The Vulkan spec states: All child objects created on device must have been destroyed prior to destroying device (https://vulkan.lunarg.com/doc/view/1.3.250.0/windows/1.3-extensions/vkspec.html#VUID-vkDestroyDevice-device-00378)
[0m[1m[38;2;255;000;000m[error][vk::validation]: Validation Layer: Validation Error: [ VUID-vkDestroyDevice-device-00378 ] Object 0: handle = 0x2b2e0fea710, type = VK_OBJECT_TYPE_DEVICE; Object 1: handle = 0xea7170000000031, type = VK_OBJECT_TYPE_DESCRIPTOR_POOL; | MessageID = 0x71500fba | OBJ ERROR : For VkDevice 0x2b2e0fea710[], VkDescriptorPool 0xea7170000000031[] has not been destroyed. The Vulkan spec states: All child objects created on device must have been destroyed prior to destroying device (https://vulkan.lunarg.com/doc/view/1.3.250.0/windows/1.3-extensions/vkspec.html#VUID-vkDestroyDevice-device-00378)
[0m[1m[38;2;255;000;000m[error][vk::validation]: Validation Layer: Validation Error: [ VUID-vkDestroyDevice-device-00378 ] Object 0: handle = 0x2b2e0fea710, type = VK_OBJECT_TYPE_DEVICE; Object 1: handle = 0x89e60f0000000042, type = VK_OBJECT_TYPE_FRAMEBUFFER; | MessageID = 0x71500fba | OBJ ERROR : For VkDevice 0x2b2e0fea710[], VkFramebuffer 0x89e60f0000000042[] has not been destroyed. The Vulkan spec states: All child objects created on device must have been destroyed prior to destroying device (https://vulkan.lunarg.com/doc/view/1.3.250.0/windows/1.3-extensions/vkspec.html#VUID-vkDestroyDevice-device-00378)
[0m[1m[38;2;255;000;000m[error][vk::validation]: Validation Layer: Validation Error: [ VUID-vkDestroyDevice-device-00378 ] Object 0: handle = 0x2b2e0fea710, type = VK_OBJECT_TYPE_DEVICE; Object 1: handle = 0x603cd90000000044, type = VK_OBJECT_TYPE_FRAMEBUFFER; | MessageID = 0x71500fba | OBJ ERROR : For VkDevice 0x2b2e0fea710[], VkFramebuffer 0x603cd90000000044[] has not been destroyed. The Vulkan spec states: All child objects created on device must have been destroyed prior to destroying device (https://vulkan.lunarg.com/doc/view/1.3.250.0/windows/1.3-extensions/vkspec.html#VUID-vkDestroyDevice-device-00378)
[0m[1m[38;2;255;000;000m[error][vk::validation]: Validation Layer: Validation Error: [ VUID-vkDestroyDevice-device-00378 ] Object 0: handle = 0x2b2e0fea710, type = VK_OBJECT_TYPE_DEVICE; Object 1: handle = 0x535b660000000043, type = VK_OBJECT_TYPE_FRAMEBUFFER; | MessageID = 0x71500fba | OBJ ERROR : For VkDevice 0x2b2e0fea710[], VkFramebuffer 0x535b660000000043[] has not been destroyed. The Vulkan spec states: All child objects created on device must have been destroyed prior to destroying device (https://vulkan.lunarg.com/doc/view/1.3.250.0/windows/1.3-extensions/vkspec.html#VUID-vkDestroyDevice-device-00378)
[0m[1m[38;2;255;000;000m[error][vk::validation]: Validation Layer: Validation Error: [ VUID-vkDestroyDevice-device-00378 ] Object 0: handle = 0x2b2e0fea710, type = VK_OBJECT_TYPE_DEVICE; Object 1: handle = 0x6612e40000000041, type = VK_OBJECT_TYPE_FRAMEBUFFER; | MessageID = 0x71500fba | OBJ ERROR : For VkDevice 0x2b2e0fea710[], VkFramebuffer 0x6612e40000000041[] has not been destroyed. The Vulkan spec states: All child objects created on device must have been destroyed prior to destroying device (https://vulkan.lunarg.com/doc/view/1.3.250.0/windows/1.3-extensions/vkspec.html#VUID-vkDestroyDevice-device-00378)
[0m[1m[38;2;255;000;000m[error][vk::validation]: Validation Layer: Validation Error: [ VUID-vkDestroyDevice-device-00378 ] Object 0: handle = 0x2b2e0fea710, type = VK_OBJECT_TYPE_DEVICE; Object 1: handle = 0x10ac5000000007e, type = VK_OBJECT_TYPE_COMMAND_POOL; | MessageID = 0x71500fba | OBJ ERROR : For VkDevice 0x2b2e0fea710[], VkCommandPool 0x10ac5000000007e[] has not been destroyed. The Vulkan spec states: All child objects created on device must have been destroyed prior to destroying device (https://vulkan.lunarg.com/doc/view/1.3.250.0/windows/1.3-extensions/vkspec.html#VUID-vkDestroyDevice-device-00378)
[0m[1m[38;2;255;000;000m[error][vk::validation]: Validation Layer: Validation Error: [ VUID-vkDestroyDevice-device-00378 ] Object 0: handle = 0x2b2e0fea710, type = VK_OBJECT_TYPE_DEVICE; Object 1: handle = 0xb3c7bc000000007f, type = VK_OBJECT_TYPE_COMMAND_POOL; | MessageID = 0x71500fba | OBJ ERROR : For VkDevice 0x2b2e0fea710[], VkCommandPool 0xb3c7bc000000007f[] has not been destroyed. The Vulkan spec states: All child objects created on device must have been destroyed prior to destroying device (https://vulkan.lunarg.com/doc/view/1.3.250.0/windows/1.3-extensions/vkspec.html#VUID-vkDestroyDevice-device-00378)
[0m[1m[38;2;255;000;000m[error][vk::validation]: Validation Layer: Validation Error: [ VUID-vkDestroyDevice-device-00378 ] Object 0: handle = 0x2b2e0fea710, type = VK_OBJECT_TYPE_DEVICE; Object 1: handle = 0x1947d7000000019f, type = VK_OBJECT_TYPE_SHADER_EXT; | MessageID = 0x71500fba | OBJ ERROR : For VkDevice 0x2b2e0fea710[], VkShaderEXT 0x1947d7000000019f[] has not been destroyed. The Vulkan spec states: All child objects created on device must have been destroyed prior to destroying device (https://vulkan.lunarg.com/doc/view/1.3.250.0/windows/1.3-extensions/vkspec.html#VUID-vkDestroyDevice-device-00378)
[0m[1m[38;2;255;000;000m[error][vk::validation]: Validation Layer: Validation Error: [ VUID-vkDestroyDevice-device-00378 ] Object 0: handle = 0x2b2e0fea710, type = VK_OBJECT_TYPE_DEVICE; Object 1: handle = 0x5deeb100000001a1, type = VK_OBJECT_TYPE_SHADER_EXT; | MessageID = 0x71500fba | OBJ ERROR : For VkDevice 0x2b2e0fea710[], VkShaderEXT 0x5deeb100000001a1[] has not been destroyed. The Vulkan spec states: All child objects created on device must have been destroyed prior to destroying device (https://vulkan.lunarg.com/doc/view/1.3.250.0/windows/1.3-extensions/vkspec.html#VUID-vkDestroyDevice-device-00378)
[0m[1m[38;2;255;000;000m[error][vk::validation]: Validation Layer: Validation Error: [ VUID-vkDestroyDevice-device-00378 ] Object 0: handle = 0x2b2e0fea710, type = VK_OBJECT_TYPE_DEVICE; Object 1: handle = 0x5a125000000001a0, type = VK_OBJECT_TYPE_SHADER_EXT; | MessageID = 0x71500fba | OBJ ERROR : For VkDevice 0x2b2e0fea710[], VkShaderEXT 0x5a125000000001a0[] has not been destroyed. The Vulkan spec states: All child objects created on device must have been destroyed prior to destroying device (https://vulkan.lunarg.com/doc/view/1.3.250.0/windows/1.3-extensions/vkspec.html#VUID-vkDestroyDevice-device-00378)
[0m[1m[38;2;255;000;000m[error][vk::validation]: Validation Layer: Validation Error: [ VUID-vkDestroyDevice-device-00378 ] Object 0: handle = 0x2b2e0fea710, type = VK_OBJECT_TYPE_DEVICE; Object 1: handle = 0x15e62c000000019c, type = VK_OBJECT_TYPE_SHADER_EXT; | MessageID = 0x71500fba | OBJ ERROR : For VkDevice 0x2b2e0fea710[], VkShaderEXT 0x15e62c000000019c[] has not been destroyed. The Vulkan spec states: All child objects created on device must have been destroyed prior to destroying device (https://vulkan.lunarg.com/doc/view/1.3.250.0/windows/1.3-extensions/vkspec.html#VUID-vkDestroyDevice-device-00378)
[0m[1m[38;2;255;000;000m[error][vk::validation]: Validation Layer: Validation Error: [ VUID-vkDestroyDevice-device-00378 ] Object 0: handle = 0x2b2e0fea710, type = VK_OBJECT_TYPE_DEVICE; Object 1: handle = 0x607115000000019d, type = VK_OBJECT_TYPE_SHADER_EXT; | MessageID = 0x71500fba | OBJ ERROR : For VkDevice 0x2b2e0fea710[], VkShaderEXT 0x607115000000019d[] has not been destroyed. The Vulkan spec states: All child objects created on device must have been destroyed prior to destroying device (https://vulkan.lunarg.com/doc/view/1.3.250.0/windows/1.3-extensions/vkspec.html#VUID-vkDestroyDevice-device-00378)
[0m[1m[38;2;255;000;000m[error][vk::validation]: Validation Layer: Validation Error: [ VUID-vkDestroyDevice-device-00378 ] Object 0: handle = 0x2b2e0fea710, type = VK_OBJECT_TYPE_DEVICE; Object 1: handle = 0x4baaca000000019b, type = VK_OBJECT_TYPE_SHADER_EXT; | MessageID = 0x71500fba | OBJ ERROR : For VkDevice 0x2b2e0fea710[], VkShaderEXT 0x4baaca000000019b[] has not been destroyed. The Vulkan spec states: All child objects created on device must have been destroyed prior to destroying device (https://vulkan.lunarg.com/doc/view/1.3.250.0/windows/1.3-extensions/vkspec.html#VUID-vkDestroyDevice-device-00378)
[0m[1m[38;2;255;000;000m[error][vk::validation]: Validation Layer: Validation Error: [ VUID-vkDestroyDevice-device-00378 ] Object 0: handle = 0x2b2e0fea710, type = VK_OBJECT_TYPE_DEVICE; Object 1: handle = 0x549c1e000000019e, type = VK_OBJECT_TYPE_SHADER_EXT; | MessageID = 0x71500fba | OBJ ERROR : For VkDevice 0x2b2e0fea710[], VkShaderEXT 0x549c1e000000019e[] has not been destroyed. The Vulkan spec states: All child objects created on device must have been destroyed prior to destroying device (https://vulkan.lunarg.com/doc/view/1.3.250.0/windows/1.3-extensions/vkspec.html#VUID-vkDestroyDevice-device-00378)
[0m